2020-04-05 23:30:33.614 22 DEBUG oslo_service.service [-] constraint_validation_cache.expiration_time = 60 log_opt_values /usr/lib/python2.7/dist-packages/oslo_config/cfg.py:2898
2020-04-05 23:30:33.617 22 DEBUG oslo_service.service [-] revision.heat_revision         = unknown log_opt_values /usr/lib/python2.7/dist-packages/oslo_config/cfg.py:2898
2020-04-05 23:30:33.618 22 DEBUG oslo_service.service [-] clients_swift.ca_file          = None log_opt_values /usr/lib/python2.7/dist-packages/oslo_config/cfg.py:2898
2020-04-05 23:30:33.619 22 DEBUG oslo_service.service [-] clients_swift.cert_file        = None log_opt_values /usr/lib/python2.7/dist-packages/oslo_config/cfg.py:2898
2020-04-05 23:30:33.620 22 DEBUG oslo_service.service [-] clients_swift.endpoint_type    = None log_opt_values /usr/lib/python2.7/dist-packages/oslo_config/cfg.py:2898
2020-04-05 23:30:33.621 22 DEBUG oslo_service.service [-] clients_swift.insecure         = None log_opt_values /usr/lib/python2.7/dist-packages/oslo_config/cfg.py:2898
2020-04-05 23:30:33.622 22 DEBUG oslo_service.service [-] clients_swift.key_file         = None log_opt_values /usr/lib/python2.7/dist-packages/oslo_config/cfg.py:2898
2020-04-05 23:30:33.623 22 DEBUG oslo_service.service [-] clients_octavia.ca_file        = None log_opt_values /usr/lib/python2.7/dist-packages/oslo_config/cfg.py:2898
2020-04-05 23:30:33.625 22 DEBUG oslo_service.service [-] clients_octavia.cert_file      = None log_opt_values /usr/lib/python2.7/dist-packages/oslo_config/cfg.py:2898
2020-04-05 23:30:33.626 22 DEBUG oslo_service.service [-] clients_octavia.endpoint_type  = None log_opt_values /usr/lib/python2.7/dist-packages/oslo_config/cfg.py:2898
2020-04-05 23:30:33.628 22 DEBUG oslo_service.service [-] clients_octavia.insecure       = None log_opt_values /usr/lib/python2.7/dist-packages/oslo_config/cfg.py:2898
2020-04-05 23:30:33.629 22 DEBUG oslo_service.service [-] clients_octavia.key_file       = None log_opt_values /usr/lib/python2.7/dist-packages/oslo_config/cfg.py:2898
2020-04-05 23:30:33.630 22 DEBUG oslo_service.service [-] clients_senlin.ca_file         = None log_opt_values /usr/lib/python2.7/dist-packages/oslo_config/cfg.py:2898
2020-04-05 23:30:33.631 22 DEBUG oslo_service.service [-] clients_senlin.cert_file       = None log_opt_values /usr/lib/python2.7/dist-packages/oslo_config/cfg.py:2898
2020-04-05 23:30:33.632 22 DEBUG oslo_service.service [-] clients_senlin.endpoint_type   = None log_opt_values /usr/lib/python2.7/dist-packages/oslo_config/cfg.py:2898
2020-04-05 23:30:33.634 22 DEBUG oslo_service.service [-] clients_senlin.insecure        = None log_opt_values /usr/lib/python2.7/dist-packages/oslo_config/cfg.py:2898
2020-04-05 23:30:33.635 22 DEBUG oslo_service.service [-] clients_senlin.key_file        = None log_opt_values /usr/lib/python2.7/dist-packages/oslo_config/cfg.py:2898
2020-04-05 23:30:33.637 22 DEBUG oslo_service.service [-] oslo_messaging_notifications.driver = [] log_opt_values /usr/lib/python2.7/dist-packages/oslo_config/cfg.py:2898
2020-04-05 23:30:33.639 22 DEBUG oslo_service.service [-] oslo_messaging_notifications.retry = -1 log_opt_values /usr/lib/python2.7/dist-packages/oslo_config/cfg.py:2898
2020-04-05 23:30:33.640 22 DEBUG oslo_service.service [-] oslo_messaging_notifications.topics = ['notifications'] log_opt_values /usr/lib/python2.7/dist-packages/oslo_config/cfg.py:2898
2020-04-05 23:30:33.641 22 DEBUG oslo_service.service [-] oslo_messaging_notifications.transport_url = **** log_opt_values /usr/lib/python2.7/dist-packages/oslo_config/cfg.py:2898
2020-04-05 23:30:33.642 22 DEBUG oslo_service.service [-] clients_sahara.ca_file         = None log_opt_values /usr/lib/python2.7/dist-packages/oslo_config/cfg.py:2898
2020-04-05 23:30:33.644 22 DEBUG oslo_service.service [-] clients_sahara.cert_file       = None log_opt_values /usr/lib/python2.7/dist-packages/oslo_config/cfg.py:2898
2020-04-05 23:30:33.645 22 DEBUG oslo_service.service [-] clients_sahara.endpoint_type   = None log_opt_values /usr/lib/python2.7/dist-packages/oslo_config/cfg.py:2898
2020-04-05 23:30:33.646 22 DEBUG oslo_service.service [-] clients_sahara.insecure        = None log_opt_values /usr/lib/python2.7/dist-packages/oslo_config/cfg.py:2898
2020-04-05 23:30:33.647 22 DEBUG oslo_service.service [-] clients_sahara.key_file        = None log_opt_values /usr/lib/python2.7/dist-packages/oslo_config/cfg.py:2898
2020-04-05 23:30:33.649 22 DEBUG oslo_service.service [-] oslo_concurrency.disable_process_locking = False log_opt_values /usr/lib/python2.7/dist-packages/oslo_config/cfg.py:2898
2020-04-05 23:30:33.651 22 DEBUG oslo_service.service [-] oslo_concurrency.lock_path     = /tmp log_opt_values /usr/lib/python2.7/dist-packages/oslo_config/cfg.py:2898
2020-04-05 23:30:33.652 22 DEBUG oslo_service.service [-] clients_barbican.ca_file       = None log_opt_values /usr/lib/python2.7/dist-packages/oslo_config/cfg.py:2898
2020-04-05 23:30:33.653 22 DEBUG oslo_service.service [-] clients_barbican.cert_file     = None log_opt_values /usr/lib/python2.7/dist-packages/oslo_config/cfg.py:2898
2020-04-05 23:30:33.655 22 DEBUG oslo_service.service [-] clients_barbican.endpoint_type = None log_opt_values /usr/lib/python2.7/dist-packages/oslo_config/cfg.py:2898
2020-04-05 23:30:33.656 22 DEBUG oslo_service.service [-] clients_barbican.insecure      = None log_opt_values /usr/lib/python2.7/dist-packages/oslo_config/cfg.py:2898
2020-04-05 23:30:33.657 22 DEBUG oslo_service.service [-] clients_barbican.key_file      = None log_opt_values /usr/lib/python2.7/dist-packages/oslo_config/cfg.py:2898
2020-04-05 23:30:33.659 22 DEBUG oslo_service.service [-] oslo_policy.enforce_scope      = False log_opt_values /usr/lib/python2.7/dist-packages/oslo_config/cfg.py:2898
2020-04-05 23:30:33.664 22 DEBUG oslo_service.service [-] oslo_policy.policy_default_rule = default log_opt_values /usr/lib/python2.7/dist-packages/oslo_config/cfg.py:2898
2020-04-05 23:30:33.665 22 DEBUG oslo_service.service [-] oslo_policy.policy_dirs        = ['policy.d'] log_opt_values /usr/lib/python2.7/dist-packages/oslo_config/cfg.py:2898
2020-04-05 23:30:33.666 22 DEBUG oslo_service.service [-] oslo_policy.policy_file        = policy.json log_opt_values /usr/lib/python2.7/dist-packages/oslo_config/cfg.py:2898
2020-04-05 23:30:33.667 22 DEBUG oslo_service.service [-] oslo_policy.remote_content_type = application/x-www-form-urlencoded log_opt_values /usr/lib/python2.7/dist-packages/oslo_config/cfg.py:2898
2020-04-05 23:30:33.668 22 DEBUG oslo_service.service [-] oslo_policy.remote_ssl_ca_crt_file = None log_opt_values /usr/lib/python2.7/dist-packages/oslo_config/cfg.py:2898
2020-04-05 23:30:33.669 22 DEBUG oslo_service.service [-] oslo_policy.remote_ssl_client_crt_file = None log_opt_values /usr/lib/python2.7/dist-packages/oslo_config/cfg.py:2898
2020-04-05 23:30:33.670 22 DEBUG oslo_service.service [-] oslo_policy.remote_ssl_client_key_file = None log_opt_values /usr/lib/python2.7/dist-packages/oslo_config/cfg.py:2898
2020-04-05 23:30:33.672 22 DEBUG oslo_service.service [-] oslo_policy.remote_ssl_verify_server_crt = False log_opt_values /usr/lib/python2.7/dist-packages/oslo_config/cfg.py:2898
2020-04-05 23:30:33.673 22 DEBUG oslo_service.service [-] clients_keystone.auth_uri      =  log_opt_values /usr/lib/python2.7/dist-packages/oslo_config/cfg.py:2898
2020-04-05 23:30:33.674 22 DEBUG oslo_service.service [-] clients_keystone.ca_file       = None log_opt_values /usr/lib/python2.7/dist-packages/oslo_config/cfg.py:2898
2020-04-05 23:30:33.675 22 DEBUG oslo_service.service [-] clients_keystone.cert_file     = None log_opt_values /usr/lib/python2.7/dist-packages/oslo_config/cfg.py:2898
2020-04-05 23:30:33.677 22 DEBUG oslo_service.service [-] clients_keystone.endpoint_type = None log_opt_values /usr/lib/python2.7/dist-packages/oslo_config/cfg.py:2898
2020-04-05 23:30:33.679 22 DEBUG oslo_service.service [-] clients_keystone.insecure      = None log_opt_values /usr/lib/python2.7/dist-packages/oslo_config/cfg.py:2898
2020-04-05 23:30:33.680 22 DEBUG oslo_service.service [-] clients_keystone.key_file      = None log_opt_values /usr/lib/python2.7/dist-packages/oslo_config/cfg.py:2898
2020-04-05 23:30:33.682 22 DEBUG oslo_service.service [-] database.backend               = sqlalchemy log_opt_values /usr/lib/python2.7/dist-packages/oslo_config/cfg.py:2898
2020-04-05 23:30:33.684 22 DEBUG oslo_service.service [-] database.connection            = **** log_opt_values /usr/lib/python2.7/dist-packages/oslo_config/cfg.py:2898
2020-04-05 23:30:33.686 22 DEBUG oslo_service.service [-] database.connection_debug      = 0 log_opt_values /usr/lib/python2.7/dist-packages/oslo_config/cfg.py:2898
2020-04-05 23:30:33.688 22 DEBUG oslo_service.service [-] database.connection_recycle_time = 3600 log_opt_values /usr/lib/python2.7/dist-packages/oslo_config/cfg.py:2898
2020-04-05 23:30:33.689 22 DEBUG oslo_service.service [-] database.connection_trace      = False log_opt_values /usr/lib/python2.7/dist-packages/oslo_config/cfg.py:2898
2020-04-05 23:30:33.691 22 DEBUG oslo_service.service [-] database.db_inc_retry_interval = True log_opt_values /usr/lib/python2.7/dist-packages/oslo_config/cfg.py:2898
2020-04-05 23:30:33.692 22 DEBUG oslo_service.service [-] database.db_max_retries        = 20 log_opt_values /usr/lib/python2.7/dist-packages/oslo_config/cfg.py:2898
2020-04-05 23:30:33.693 22 DEBUG oslo_service.service [-] database.db_max_retry_interval = 10 log_opt_values /usr/lib/python2.7/dist-packages/oslo_config/cfg.py:2898
2020-04-05 23:30:33.694 22 DEBUG oslo_service.service [-] database.db_retry_interval     = 1 log_opt_values /usr/lib/python2.7/dist-packages/oslo_config/cfg.py:2898
2020-04-05 23:30:33.696 22 DEBUG oslo_service.service [-] database.max_overflow          = 50 log_opt_values /usr/lib/python2.7/dist-packages/oslo_config/cfg.py:2898
2020-04-05 23:30:33.697 22 DEBUG oslo_service.service [-] database.max_pool_size         = 5 log_opt_values /usr/lib/python2.7/dist-packages/oslo_config/cfg.py:2898
2020-04-05 23:30:33.699 22 DEBUG oslo_service.service [-] database.max_retries           = 10 log_opt_values /usr/lib/python2.7/dist-packages/oslo_config/cfg.py:2898
2020-04-05 23:30:33.700 22 DEBUG oslo_service.service [-] database.min_pool_size         = 1 log_opt_values /usr/lib/python2.7/dist-packages/oslo_config/cfg.py:2898
2020-04-05 23:30:33.701 22 DEBUG oslo_service.service [-] database.mysql_enable_ndb      = False log_opt_values /usr/lib/python2.7/dist-packages/oslo_config/cfg.py:2898
2020-04-05 23:30:33.703 22 DEBUG oslo_service.service [-] database.mysql_sql_mode        = TRADITIONAL log_opt_values /usr/lib/python2.7/dist-packages/oslo_config/cfg.py:2898
2020-04-05 23:30:33.704 22 DEBUG oslo_service.service [-] database.pool_timeout          = None log_opt_values /usr/lib/python2.7/dist-packages/oslo_config/cfg.py:2898
2020-04-05 23:30:33.705 22 DEBUG oslo_service.service [-] database.retry_interval        = 10 log_opt_values /usr/lib/python2.7/dist-packages/oslo_config/cfg.py:2898
2020-04-05 23:30:33.707 22 DEBUG oslo_service.service [-] database.slave_connection      = **** log_opt_values /usr/lib/python2.7/dist-packages/oslo_config/cfg.py:2898
2020-04-05 23:30:33.709 22 DEBUG oslo_service.service [-] database.sqlite_synchronous    = True log_opt_values /usr/lib/python2.7/dist-packages/oslo_config/cfg.py:2898
2020-04-05 23:30:33.711 22 DEBUG oslo_service.service [-] database.use_db_reconnect      = False log_opt_values /usr/lib/python2.7/dist-packages/oslo_config/cfg.py:2898
2020-04-05 23:30:33.712 22 DEBUG oslo_service.service [-] clients.ca_file                = None log_opt_values /usr/lib/python2.7/dist-packages/oslo_config/cfg.py:2898
2020-04-05 23:30:33.713 22 DEBUG oslo_service.service [-] clients.cert_file              = None log_opt_values /usr/lib/python2.7/dist-packages/oslo_config/cfg.py:2898
2020-04-05 23:30:33.714 22 DEBUG oslo_service.service [-] clients.endpoint_type          = publicURL log_opt_values /usr/lib/python2.7/dist-packages/oslo_config/cfg.py:2898
2020-04-05 23:30:33.715 22 DEBUG oslo_service.service [-] clients.insecure               = False log_opt_values /usr/lib/python2.7/dist-packages/oslo_config/cfg.py:2898
2020-04-05 23:30:33.717 22 DEBUG oslo_service.service [-] clients.key_file               = None log_opt_values /usr/lib/python2.7/dist-packages/oslo_config/cfg.py:2898
2020-04-05 23:30:33.718 22 DEBUG oslo_service.service [-] clients_nova.ca_file           = None log_opt_values /usr/lib/python2.7/dist-packages/oslo_config/cfg.py:2898
2020-04-05 23:30:33.720 22 DEBUG oslo_service.service [-] clients_nova.cert_file         = None log_opt_values /usr/lib/python2.7/dist-packages/oslo_config/cfg.py:2898
2020-04-05 23:30:33.723 22 DEBUG oslo_service.service [-] clients_nova.endpoint_type     = None log_opt_values /usr/lib/python2.7/dist-packages/oslo_config/cfg.py:2898
2020-04-05 23:30:33.724 22 DEBUG oslo_service.service [-] clients_nova.http_log_debug    = False log_opt_values /usr/lib/python2.7/dist-packages/oslo_config/cfg.py:2898
2020-04-05 23:30:33.726 22 DEBUG oslo_service.service [-] clients_nova.insecure          = None log_opt_values /usr/lib/python2.7/dist-packages/oslo_config/cfg.py:2898
2020-04-05 23:30:33.727 22 DEBUG oslo_service.service [-] clients_nova.key_file          = None log_opt_values /usr/lib/python2.7/dist-packages/oslo_config/cfg.py:2898
2020-04-05 23:30:33.728 22 DEBUG oslo_service.service [-] clients_aodh.ca_file           = None log_opt_values /usr/lib/python2.7/dist-packages/oslo_config/cfg.py:2898
2020-04-05 23:30:33.730 22 DEBUG oslo_service.service [-] clients_aodh.cert_file         = None log_opt_values /usr/lib/python2.7/dist-packages/oslo_config/cfg.py:2898
2020-04-05 23:30:33.731 22 DEBUG oslo_service.service [-] clients_aodh.endpoint_type     = None log_opt_values /usr/lib/python2.7/dist-packages/oslo_config/cfg.py:2898
2020-04-05 23:30:33.733 22 DEBUG oslo_service.service [-] clients_aodh.insecure          = None log_opt_values /usr/lib/python2.7/dist-packages/oslo_config/cfg.py:2898
2020-04-05 23:30:33.735 22 DEBUG oslo_service.service [-] clients_aodh.key_file          = None log_opt_values /usr/lib/python2.7/dist-packages/oslo_config/cfg.py:2898
2020-04-05 23:30:33.736 22 DEBUG oslo_service.service [-] clients_ceilometer.ca_file     = None log_opt_values /usr/lib/python2.7/dist-packages/oslo_config/cfg.py:2898
2020-04-05 23:30:33.737 22 DEBUG oslo_service.service [-] clients_ceilometer.cert_file   = None log_opt_values /usr/lib/python2.7/dist-packages/oslo_config/cfg.py:2898
2020-04-05 23:30:33.738 22 DEBUG oslo_service.service [-] clients_ceilometer.endpoint_type = None log_opt_values /usr/lib/python2.7/dist-packages/oslo_config/cfg.py:2898
2020-04-05 23:30:33.739 22 DEBUG oslo_service.service [-] clients_ceilometer.insecure    = None log_opt_values /usr/lib/python2.7/dist-packages/oslo_config/cfg.py:2898
2020-04-05 23:30:33.742 22 DEBUG oslo_service.service [-] clients_ceilometer.key_file    = None log_opt_values /usr/lib/python2.7/dist-packages/oslo_config/cfg.py:2898
2020-04-05 23:30:33.744 22 DEBUG oslo_service.service [-] heat_api_cloudwatch.backlog    = 4096 log_opt_values /usr/lib/python2.7/dist-packages/oslo_config/cfg.py:2898
2020-04-05 23:30:33.748 22 DEBUG oslo_service.service [-] heat_api_cloudwatch.bind_host  = 0.0.0.0 log_opt_values /usr/lib/python2.7/dist-packages/oslo_config/cfg.py:2898
2020-04-05 23:30:33.751 22 DEBUG oslo_service.service [-] heat_api_cloudwatch.bind_port  = 8003 log_opt_values /usr/lib/python2.7/dist-packages/oslo_config/cfg.py:2898
2020-04-05 23:30:33.752 22 DEBUG oslo_service.service [-] heat_api_cloudwatch.cert_file  = None log_opt_values /usr/lib/python2.7/dist-packages/oslo_config/cfg.py:2898
2020-04-05 23:30:33.754 22 DEBUG oslo_service.service [-] heat_api_cloudwatch.key_file   = None log_opt_values /usr/lib/python2.7/dist-packages/oslo_config/cfg.py:2898
2020-04-05 23:30:33.755 22 DEBUG oslo_service.service [-] heat_api_cloudwatch.max_header_line = 16384 log_opt_values /usr/lib/python2.7/dist-packages/oslo_config/cfg.py:2898
2020-04-05 23:30:33.757 22 DEBUG oslo_service.service [-] heat_api_cloudwatch.tcp_keepidle = 600 log_opt_values /usr/lib/python2.7/dist-packages/oslo_config/cfg.py:2898
2020-04-05 23:30:33.759 22 DEBUG oslo_service.service [-] heat_api_cloudwatch.workers    = 1 log_opt_values /usr/lib/python2.7/dist-packages/oslo_config/cfg.py:2898
2020-04-05 23:30:33.760 22 DEBUG oslo_service.service [-] volumes.backups_enabled        = True log_opt_values /usr/lib/python2.7/dist-packages/oslo_config/cfg.py:2898
2020-04-05 23:30:33.762 22 DEBUG oslo_service.service [-] heat_api_cfn.backlog           = 4096 log_opt_values /usr/lib/python2.7/dist-packages/oslo_config/cfg.py:2898
2020-04-05 23:30:33.763 22 DEBUG oslo_service.service [-] heat_api_cfn.bind_host         = 0.0.0.0 log_opt_values /usr/lib/python2.7/dist-packages/oslo_config/cfg.py:2898
2020-04-05 23:30:33.765 22 DEBUG oslo_service.service [-] heat_api_cfn.bind_port         = 8000 log_opt_values /usr/lib/python2.7/dist-packages/oslo_config/cfg.py:2898
2020-04-05 23:30:33.766 22 DEBUG oslo_service.service [-] heat_api_cfn.cert_file         = None log_opt_values /usr/lib/python2.7/dist-packages/oslo_config/cfg.py:2898
2020-04-05 23:30:33.768 22 DEBUG oslo_service.service [-] heat_api_cfn.key_file          = None log_opt_values /usr/lib/python2.7/dist-packages/oslo_config/cfg.py:2898
2020-04-05 23:30:33.771 22 DEBUG oslo_service.service [-] heat_api_cfn.max_header_line   = 16384 log_opt_values /usr/lib/python2.7/dist-packages/oslo_config/cfg.py:2898
2020-04-05 23:30:33.773 22 DEBUG oslo_service.service [-] heat_api_cfn.tcp_keepidle      = 600 log_opt_values /usr/lib/python2.7/dist-packages/oslo_config/cfg.py:2898
2020-04-05 23:30:33.775 22 DEBUG oslo_service.service [-] heat_api_cfn.workers           = 1 log_opt_values /usr/lib/python2.7/dist-packages/oslo_config/cfg.py:2898
2020-04-05 23:30:33.776 22 DEBUG oslo_service.service [-] clients_neutron.ca_file        = None log_opt_values /usr/lib/python2.7/dist-packages/oslo_config/cfg.py:2898
2020-04-05 23:30:33.778 22 DEBUG oslo_service.service [-] clients_neutron.cert_file      = None log_opt_values /usr/lib/python2.7/dist-packages/oslo_config/cfg.py:2898
2020-04-05 23:30:33.779 22 DEBUG oslo_service.service [-] clients_neutron.endpoint_type  = None log_opt_values /usr/lib/python2.7/dist-packages/oslo_config/cfg.py:2898
2020-04-05 23:30:33.781 22 DEBUG oslo_service.service [-] clients_neutron.insecure       = None log_opt_values /usr/lib/python2.7/dist-packages/oslo_config/cfg.py:2898
2020-04-05 23:30:33.783 22 DEBUG oslo_service.service [-] clients_neutron.key_file       = None log_opt_values /usr/lib/python2.7/dist-packages/oslo_config/cfg.py:2898
2020-04-05 23:30:33.784 22 DEBUG oslo_service.service [-] oslo_versionedobjects.fatal_exception_format_errors = False log_opt_values /usr/lib/python2.7/dist-packages/oslo_config/cfg.py:2898
2020-04-05 23:30:33.786 22 DEBUG oslo_service.service [-] ******************************************************************************** log_opt_values /usr/lib/python2.7/dist-packages/oslo_config/cfg.py:2900
2020-04-05 23:30:39.431 290 INFO heat.engine.worker [-] Starting engine_worker (1.4) in engine ef74c5f5-87ea-4f97-9318-df18eb3a615c.
2020-04-05 23:30:39.471 295 INFO heat.engine.worker [-] Starting engine_worker (1.4) in engine 1946f58a-0426-46b8-b5b6-7a8078d050c5.
2020-04-05 23:30:39.540 292 INFO heat.engine.worker [-] Starting engine_worker (1.4) in engine 66bb52cf-e2e1-41ac-80ba-61d2d676280d.
2020-04-05 23:30:39.561 293 INFO heat.engine.worker [-] Starting engine_worker (1.4) in engine 42e81d29-762e-4e8c-836b-1b13759d95b2.
2020-04-05 23:30:39.571 294 INFO heat.engine.worker [-] Starting engine_worker (1.4) in engine c50f90b4-fbce-4417-a3e0-2fc4295ffda2.
2020-04-05 23:30:39.566 290 WARNING oslo_db.sqlalchemy.engines [req-91188131-f94b-4094-b635-7961321298bb - - - - -] URL mysql://root:***@mysql-openstack/heat does not contain a '+drivername' portion, and will make use of a default driver.  A full dbname+drivername:// protocol is recommended. For MySQL, it is strongly recommended that mysql+pymysql:// be specified for maximum service compatibility
2020-04-05 23:30:39.589 291 INFO heat.engine.worker [-] Starting engine_worker (1.4) in engine c71dbea5-c604-4b7b-83cb-1aa81303d6a2.
2020-04-05 23:30:39.689 290 DEBUG oslo_db.sqlalchemy.engines [req-91188131-f94b-4094-b635-7961321298bb - - - - -] MySQL server mode set to STRICT_TRANS_TABLES,STRICT_ALL_TABLES,NO_ZERO_IN_DATE,NO_ZERO_DATE,ERROR_FOR_DIVISION_BY_ZERO,TRADITIONAL,NO_AUTO_CREATE_USER,NO_ENGINE_SUBSTITUTION _check_effective_sql_mode /usr/lib/python2.7/dist-packages/oslo_db/sqlalchemy/engines.py:290
2020-04-05 23:30:39.721 295 WARNING oslo_db.sqlalchemy.engines [req-8ce72ed4-ac31-4ee0-8230-39850579495d - - - - -] URL mysql://root:***@mysql-openstack/heat does not contain a '+drivername' portion, and will make use of a default driver.  A full dbname+drivername:// protocol is recommended. For MySQL, it is strongly recommended that mysql+pymysql:// be specified for maximum service compatibility
2020-04-05 23:30:39.771 292 WARNING oslo_db.sqlalchemy.engines [req-7ccc71be-c805-4c03-a496-6889e317d1ed - - - - -] URL mysql://root:***@mysql-openstack/heat does not contain a '+drivername' portion, and will make use of a default driver.  A full dbname+drivername:// protocol is recommended. For MySQL, it is strongly recommended that mysql+pymysql:// be specified for maximum service compatibility
2020-04-05 23:30:39.783 291 WARNING oslo_db.sqlalchemy.engines [req-6c59fc1a-1fb2-4e09-9d30-20e83f787f00 - - - - -] URL mysql://root:***@mysql-openstack/heat does not contain a '+drivername' portion, and will make use of a default driver.  A full dbname+drivername:// protocol is recommended. For MySQL, it is strongly recommended that mysql+pymysql:// be specified for maximum service compatibility
2020-04-05 23:30:39.818 293 WARNING oslo_db.sqlalchemy.engines [req-e026a880-2811-4c3b-8e81-223a6251eb3a - - - - -] URL mysql://root:***@mysql-openstack/heat does not contain a '+drivername' portion, and will make use of a default driver.  A full dbname+drivername:// protocol is recommended. For MySQL, it is strongly recommended that mysql+pymysql:// be specified for maximum service compatibility
2020-04-05 23:30:39.835 294 WARNING oslo_db.sqlalchemy.engines [req-cbb4bbbe-1e66-44a9-a66a-058898ca6d68 - - - - -] URL mysql://root:***@mysql-openstack/heat does not contain a '+drivername' portion, and will make use of a default driver.  A full dbname+drivername:// protocol is recommended. For MySQL, it is strongly recommended that mysql+pymysql:// be specified for maximum service compatibility
2020-04-05 23:30:39.864 295 DEBUG oslo_db.sqlalchemy.engines [req-8ce72ed4-ac31-4ee0-8230-39850579495d - - - - -] MySQL server mode set to STRICT_TRANS_TABLES,STRICT_ALL_TABLES,NO_ZERO_IN_DATE,NO_ZERO_DATE,ERROR_FOR_DIVISION_BY_ZERO,TRADITIONAL,NO_AUTO_CREATE_USER,NO_ENGINE_SUBSTITUTION _check_effective_sql_mode /usr/lib/python2.7/dist-packages/oslo_db/sqlalchemy/engines.py:290
2020-04-05 23:30:39.887 292 DEBUG oslo_db.sqlalchemy.engines [req-7ccc71be-c805-4c03-a496-6889e317d1ed - - - - -] MySQL server mode set to STRICT_TRANS_TABLES,STRICT_ALL_TABLES,NO_ZERO_IN_DATE,NO_ZERO_DATE,ERROR_FOR_DIVISION_BY_ZERO,TRADITIONAL,NO_AUTO_CREATE_USER,NO_ENGINE_SUBSTITUTION _check_effective_sql_mode /usr/lib/python2.7/dist-packages/oslo_db/sqlalchemy/engines.py:290
2020-04-05 23:30:39.891 291 DEBUG oslo_db.sqlalchemy.engines [req-6c59fc1a-1fb2-4e09-9d30-20e83f787f00 - - - - -] MySQL server mode set to STRICT_TRANS_TABLES,STRICT_ALL_TABLES,NO_ZERO_IN_DATE,NO_ZERO_DATE,ERROR_FOR_DIVISION_BY_ZERO,TRADITIONAL,NO_AUTO_CREATE_USER,NO_ENGINE_SUBSTITUTION _check_effective_sql_mode /usr/lib/python2.7/dist-packages/oslo_db/sqlalchemy/engines.py:290
2020-04-05 23:30:39.905 293 DEBUG oslo_db.sqlalchemy.engines [req-e026a880-2811-4c3b-8e81-223a6251eb3a - - - - -] MySQL server mode set to STRICT_TRANS_TABLES,STRICT_ALL_TABLES,NO_ZERO_IN_DATE,NO_ZERO_DATE,ERROR_FOR_DIVISION_BY_ZERO,TRADITIONAL,NO_AUTO_CREATE_USER,NO_ENGINE_SUBSTITUTION _check_effective_sql_mode /usr/lib/python2.7/dist-packages/oslo_db/sqlalchemy/engines.py:290
2020-04-05 23:30:39.948 294 DEBUG oslo_db.sqlalchemy.engines [req-cbb4bbbe-1e66-44a9-a66a-058898ca6d68 - - - - -] MySQL server mode set to STRICT_TRANS_TABLES,STRICT_ALL_TABLES,NO_ZERO_IN_DATE,NO_ZERO_DATE,ERROR_FOR_DIVISION_BY_ZERO,TRADITIONAL,NO_AUTO_CREATE_USER,NO_ENGINE_SUBSTITUTION _check_effective_sql_mode /usr/lib/python2.7/dist-packages/oslo_db/sqlalchemy/engines.py:290
2020-04-05 23:30:40.017 290 DEBUG heat.engine.service [req-5dd4a7a2-36d5-4315-9376-751ce6adb2b2 - - - - -] Service a133d323-0c91-4170-9d46-9b0392389ba8 is started service_manage_report /usr/lib/python2.7/dist-packages/heat/engine/service.py:2315
2020-04-05 23:30:40.048 290 DEBUG heat.engine.service [req-5dd4a7a2-36d5-4315-9376-751ce6adb2b2 - - - - -] Service a133d323-0c91-4170-9d46-9b0392389ba8 is updated service_manage_report /usr/lib/python2.7/dist-packages/heat/engine/service.py:2322
2020-04-05 23:30:40.062 291 DEBUG heat.engine.service [req-d3481b37-1c66-4dad-89e6-6800746d4920 - - - - -] Service fd925d7d-420b-47f6-95c5-9b0daaf5b8d7 is started service_manage_report /usr/lib/python2.7/dist-packages/heat/engine/service.py:2315
2020-04-05 23:30:40.110 291 DEBUG heat.engine.service [req-d3481b37-1c66-4dad-89e6-6800746d4920 - - - - -] Service fd925d7d-420b-47f6-95c5-9b0daaf5b8d7 is updated service_manage_report /usr/lib/python2.7/dist-packages/heat/engine/service.py:2322
2020-04-05 23:30:40.127 295 DEBUG heat.engine.service [req-543d45c9-39fa-403d-8d31-69a63d689994 - - - - -] Service 3b4b682f-760e-4282-acce-4dd8fe2d86e0 is started service_manage_report /usr/lib/python2.7/dist-packages/heat/engine/service.py:2315
2020-04-05 23:30:40.145 292 DEBUG heat.engine.service [req-eeaf13a4-1b2e-4e63-847b-5d73b3791c02 - - - - -] Service 3cde8085-20d9-432f-8427-95d6c89b6435 is started service_manage_report /usr/lib/python2.7/dist-packages/heat/engine/service.py:2315
2020-04-05 23:30:40.144 293 DEBUG heat.engine.service [req-b50524b8-b789-4141-9269-f53f0e4e071b - - - - -] Service 869ebd4b-0100-4fdf-b0bf-3a1e788d3ebd is started service_manage_report /usr/lib/python2.7/dist-packages/heat/engine/service.py:2315
2020-04-05 23:30:40.144 294 DEBUG heat.engine.service [req-cb49af9f-dbee-4b27-9a5f-0f7550672670 - - - - -] Service 562b1839-dca2-4e3e-8b55-cd10b5296718 is started service_manage_report /usr/lib/python2.7/dist-packages/heat/engine/service.py:2315
2020-04-05 23:30:40.158 292 DEBUG heat.engine.service [req-eeaf13a4-1b2e-4e63-847b-5d73b3791c02 - - - - -] Service 3cde8085-20d9-432f-8427-95d6c89b6435 is updated service_manage_report /usr/lib/python2.7/dist-packages/heat/engine/service.py:2322
2020-04-05 23:30:40.173 295 DEBUG heat.engine.service [req-543d45c9-39fa-403d-8d31-69a63d689994 - - - - -] Service 3b4b682f-760e-4282-acce-4dd8fe2d86e0 is updated service_manage_report /usr/lib/python2.7/dist-packages/heat/engine/service.py:2322
2020-04-05 23:30:40.189 293 DEBUG heat.engine.service [req-b50524b8-b789-4141-9269-f53f0e4e071b - - - - -] Service 869ebd4b-0100-4fdf-b0bf-3a1e788d3ebd is updated service_manage_report /usr/lib/python2.7/dist-packages/heat/engine/service.py:2322
2020-04-05 23:30:40.192 294 DEBUG heat.engine.service [req-cb49af9f-dbee-4b27-9a5f-0f7550672670 - - - - -] Service 562b1839-dca2-4e3e-8b55-cd10b5296718 is updated service_manage_report /usr/lib/python2.7/dist-packages/heat/engine/service.py:2322
2020-04-05 23:31:39.930 290 DEBUG heat.engine.service [req-fc89f0f6-cb08-4936-bbfb-3296f207ed75 - - - - -] Service a133d323-0c91-4170-9d46-9b0392389ba8 is updated service_manage_report /usr/lib/python2.7/dist-packages/heat/engine/service.py:2322
2020-04-05 23:31:39.977 291 DEBUG heat.engine.service [req-447397bd-ec25-4491-8c89-8f835360abc5 - - - - -] Service fd925d7d-420b-47f6-95c5-9b0daaf5b8d7 is updated service_manage_report /usr/lib/python2.7/dist-packages/heat/engine/service.py:2322
2020-04-05 23:31:40.040 295 DEBUG heat.engine.service [req-aa95059b-a461-4377-8efd-bf8f332da17b - - - - -] Service 3b4b682f-760e-4282-acce-4dd8fe2d86e0 is updated service_manage_report /usr/lib/python2.7/dist-packages/heat/engine/service.py:2322
2020-04-05 23:31:40.062 292 DEBUG heat.engine.service [req-4264256d-9b31-442a-a7c1-c2a1f1c5bb42 - - - - -] Service 3cde8085-20d9-432f-8427-95d6c89b6435 is updated service_manage_report /usr/lib/python2.7/dist-packages/heat/engine/service.py:2322
2020-04-05 23:31:40.067 293 DEBUG heat.engine.service [req-0ba1cdd1-bfba-4bea-afb9-467e41112a38 - - - - -] Service 869ebd4b-0100-4fdf-b0bf-3a1e788d3ebd is updated service_manage_report /usr/lib/python2.7/dist-packages/heat/engine/service.py:2322
2020-04-05 23:31:40.068 294 DEBUG heat.engine.service [req-1c76feb8-68a0-4e64-9718-f6f8b551cd2f - - - - -] Service 562b1839-dca2-4e3e-8b55-cd10b5296718 is updated service_manage_report /usr/lib/python2.7/dist-packages/heat/engine/service.py:2322
2020-04-05 23:32:40.751 290 DEBUG heat.engine.service [req-79a422fe-376d-4a7e-b12c-7548fc5c5d83 - - - - -] Service a133d323-0c91-4170-9d46-9b0392389ba8 is updated service_manage_report /usr/lib/python2.7/dist-packages/heat/engine/service.py:2322
2020-04-05 23:32:40.761 294 DEBUG heat.engine.service [req-131202d5-1298-4525-8ebf-a40361f8c9a2 - - - - -] Service 562b1839-dca2-4e3e-8b55-cd10b5296718 is updated service_manage_report /usr/lib/python2.7/dist-packages/heat/engine/service.py:2322
2020-04-05 23:32:40.771 293 DEBUG heat.engine.service [req-15ee7bdb-1ee5-4fff-8cf9-bd446f7ed143 - - - - -] Service 869ebd4b-0100-4fdf-b0bf-3a1e788d3ebd is updated service_manage_report /usr/lib/python2.7/dist-packages/heat/engine/service.py:2322
2020-04-05 23:32:40.780 292 DEBUG heat.engine.service [req-5054da07-f92f-406d-b8c5-c1e200700806 - - - - -] Service 3cde8085-20d9-432f-8427-95d6c89b6435 is updated service_manage_report /usr/lib/python2.7/dist-packages/heat/engine/service.py:2322
2020-04-05 23:32:40.795 295 DEBUG heat.engine.service [req-5f92763a-03f8-421b-a98b-f32c2e8f4142 - - - - -] Service 3b4b682f-760e-4282-acce-4dd8fe2d86e0 is updated service_manage_report /usr/lib/python2.7/dist-packages/heat/engine/service.py:2322
2020-04-05 23:32:40.804 291 DEBUG heat.engine.service [req-a1f7e648-c31c-499e-a090-6c3847955217 - - - - -] Service fd925d7d-420b-47f6-95c5-9b0daaf5b8d7 is updated service_manage_report /usr/lib/python2.7/dist-packages/heat/engine/service.py:2322
2020-04-05 23:33:39.847 290 DEBUG heat.engine.service [req-9791e402-b647-4f48-9559-1e5d92cd78b4 - - - - -] Service a133d323-0c91-4170-9d46-9b0392389ba8 is updated service_manage_report /usr/lib/python2.7/dist-packages/heat/engine/service.py:2322
2020-04-05 23:33:39.972 292 DEBUG heat.engine.service [req-e808e7c2-ebc2-40c9-a21e-cb4c5569cd4f - - - - -] Service 3cde8085-20d9-432f-8427-95d6c89b6435 is updated service_manage_report /usr/lib/python2.7/dist-packages/heat/engine/service.py:2322
2020-04-05 23:33:39.987 293 DEBUG heat.engine.service [req-c4f4e581-326a-4314-9ba2-9c0c4a97306a - - - - -] Service 869ebd4b-0100-4fdf-b0bf-3a1e788d3ebd is updated service_manage_report /usr/lib/python2.7/dist-packages/heat/engine/service.py:2322
2020-04-05 23:33:39.986 294 DEBUG heat.engine.service [req-49458597-060d-4fcf-8094-38db80b76fe2 - - - - -] Service 562b1839-dca2-4e3e-8b55-cd10b5296718 is updated service_manage_report /usr/lib/python2.7/dist-packages/heat/engine/service.py:2322
2020-04-05 23:33:40.689 295 DEBUG heat.engine.service [req-068333d1-b930-4b38-aed1-57a066ada5bb - - - - -] Service 3b4b682f-760e-4282-acce-4dd8fe2d86e0 is updated service_manage_report /usr/lib/python2.7/dist-packages/heat/engine/service.py:2322
2020-04-05 23:33:40.719 291 DEBUG heat.engine.service [req-ce77f0ed-26d1-4dbd-af28-b8b2212c8d4c - - - - -] Service fd925d7d-420b-47f6-95c5-9b0daaf5b8d7 is updated service_manage_report /usr/lib/python2.7/dist-packages/heat/engine/service.py:2322
2020-04-05 23:34:39.812 290 DEBUG heat.engine.service [req-779d5eec-a035-410d-b549-9126f85ebfef - - - - -] Service a133d323-0c91-4170-9d46-9b0392389ba8 is updated service_manage_report /usr/lib/python2.7/dist-packages/heat/engine/service.py:2322
2020-04-05 23:34:39.935 292 DEBUG heat.engine.service [req-389ec321-55c7-4a20-9c46-4adc9901be50 - - - - -] Service 3cde8085-20d9-432f-8427-95d6c89b6435 is updated service_manage_report /usr/lib/python2.7/dist-packages/heat/engine/service.py:2322
2020-04-05 23:34:39.939 294 DEBUG heat.engine.service [req-3a7ea3f7-0c3f-426b-9a4b-1e653b88498f - - - - -] Service 562b1839-dca2-4e3e-8b55-cd10b5296718 is updated service_manage_report /usr/lib/python2.7/dist-packages/heat/engine/service.py:2322
2020-04-05 23:34:39.941 293 DEBUG heat.engine.service [req-b11f25b0-a556-41b9-8a7c-5f73b3e6409f - - - - -] Service 869ebd4b-0100-4fdf-b0bf-3a1e788d3ebd is updated service_manage_report /usr/lib/python2.7/dist-packages/heat/engine/service.py:2322
2020-04-05 23:34:40.647 295 DEBUG heat.engine.service [req-681d0ab0-e819-40c6-a38e-15f26e94f577 - - - - -] Service 3b4b682f-760e-4282-acce-4dd8fe2d86e0 is updated service_manage_report /usr/lib/python2.7/dist-packages/heat/engine/service.py:2322
2020-04-05 23:34:40.674 291 DEBUG heat.engine.service [req-3e1c6a59-5cf0-4106-9994-4b0277f7a678 - - - - -] Service fd925d7d-420b-47f6-95c5-9b0daaf5b8d7 is updated service_manage_report /usr/lib/python2.7/dist-packages/heat/engine/service.py:2322
2020-04-05 23:35:39.761 290 DEBUG heat.engine.service [req-7e2dec39-6a7e-4706-83e2-0bda2ec25cf7 - - - - -] Service a133d323-0c91-4170-9d46-9b0392389ba8 is updated service_manage_report /usr/lib/python2.7/dist-packages/heat/engine/service.py:2322
2020-04-05 23:35:39.891 293 DEBUG heat.engine.service [req-4a12be12-3a6d-45ba-b261-7756e03e847d - - - - -] Service 869ebd4b-0100-4fdf-b0bf-3a1e788d3ebd is updated service_manage_report /usr/lib/python2.7/dist-packages/heat/engine/service.py:2322
2020-04-05 23:35:39.893 292 DEBUG heat.engine.service [req-7397a234-c6c3-4ab5-af8f-2c032d49d07e - - - - -] Service 3cde8085-20d9-432f-8427-95d6c89b6435 is updated service_manage_report /usr/lib/python2.7/dist-packages/heat/engine/service.py:2322
2020-04-05 23:35:39.898 294 DEBUG heat.engine.service [req-f18f28da-1a28-4d7d-88a7-c412acbd926e - - - - -] Service 562b1839-dca2-4e3e-8b55-cd10b5296718 is updated service_manage_report /usr/lib/python2.7/dist-packages/heat/engine/service.py:2322
2020-04-05 23:35:40.607 295 DEBUG heat.engine.service [req-f9ec2b9c-bf76-4dbc-97b2-93f17cfcfa3d - - - - -] Service 3b4b682f-760e-4282-acce-4dd8fe2d86e0 is updated service_manage_report /usr/lib/python2.7/dist-packages/heat/engine/service.py:2322
2020-04-05 23:35:40.621 291 DEBUG heat.engine.service [req-738a2a63-7678-452d-8d44-e106e30ce17b - - - - -] Service fd925d7d-420b-47f6-95c5-9b0daaf5b8d7 is updated service_manage_report /usr/lib/python2.7/dist-packages/heat/engine/service.py:2322
2020-04-05 23:36:39.725 290 DEBUG heat.engine.service [req-7bd050e9-8409-4d7c-b6cc-1aaf5e3e36a0 - - - - -] Service a133d323-0c91-4170-9d46-9b0392389ba8 is updated service_manage_report /usr/lib/python2.7/dist-packages/heat/engine/service.py:2322
2020-04-05 23:36:39.852 292 DEBUG heat.engine.service [req-8ddf57f7-a265-45c7-9352-097d0c3516a1 - - - - -] Service 3cde8085-20d9-432f-8427-95d6c89b6435 is updated service_manage_report /usr/lib/python2.7/dist-packages/heat/engine/service.py:2322
2020-04-05 23:36:39.853 293 DEBUG heat.engine.service [req-1bf3f1b7-53b4-4e09-b2d8-c0ad7d1839a2 - - - - -] Service 869ebd4b-0100-4fdf-b0bf-3a1e788d3ebd is updated service_manage_report /usr/lib/python2.7/dist-packages/heat/engine/service.py:2322
2020-04-05 23:36:39.854 294 DEBUG heat.engine.service [req-c93cf2e9-abaa-4656-b0d5-459c9e92b085 - - - - -] Service 562b1839-dca2-4e3e-8b55-cd10b5296718 is updated service_manage_report /usr/lib/python2.7/dist-packages/heat/engine/service.py:2322
2020-04-05 23:36:40.568 295 DEBUG heat.engine.service [req-9751b00c-fd88-4849-951d-663e1db9b0c1 - - - - -] Service 3b4b682f-760e-4282-acce-4dd8fe2d86e0 is updated service_manage_report /usr/lib/python2.7/dist-packages/heat/engine/service.py:2322
2020-04-05 23:36:40.578 291 DEBUG heat.engine.service [req-fc7fd8d2-df2d-4716-b779-eeba01487f2f - - - - -] Service fd925d7d-420b-47f6-95c5-9b0daaf5b8d7 is updated service_manage_report /usr/lib/python2.7/dist-packages/heat/engine/service.py:2322
2020-04-05 23:37:39.678 290 DEBUG heat.engine.service [req-f0fd0ee4-973b-4836-b0b7-e1fb1ec872f0 - - - - -] Service a133d323-0c91-4170-9d46-9b0392389ba8 is updated service_manage_report /usr/lib/python2.7/dist-packages/heat/engine/service.py:2322
2020-04-05 23:37:39.817 292 DEBUG heat.engine.service [req-d96651ca-895a-419b-807f-aecd4539a676 - - - - -] Service 3cde8085-20d9-432f-8427-95d6c89b6435 is updated service_manage_report /usr/lib/python2.7/dist-packages/heat/engine/service.py:2322
2020-04-05 23:37:39.816 294 DEBUG heat.engine.service [req-62f76ad7-9e4e-4774-85f4-f9c0b3fdc278 - - - - -] Service 562b1839-dca2-4e3e-8b55-cd10b5296718 is updated service_manage_report /usr/lib/python2.7/dist-packages/heat/engine/service.py:2322
2020-04-05 23:37:39.819 293 DEBUG heat.engine.service [req-1a2bdebc-ef9d-4a1b-b1d8-dcf4ff8be7b4 - - - - -] Service 869ebd4b-0100-4fdf-b0bf-3a1e788d3ebd is updated service_manage_report /usr/lib/python2.7/dist-packages/heat/engine/service.py:2322
2020-04-05 23:37:40.531 295 DEBUG heat.engine.service [req-78c64e35-9ec5-4723-b3e9-9f16bc9a158d - - - - -] Service 3b4b682f-760e-4282-acce-4dd8fe2d86e0 is updated service_manage_report /usr/lib/python2.7/dist-packages/heat/engine/service.py:2322
2020-04-05 23:37:40.541 291 DEBUG heat.engine.service [req-3c1f0fa1-1544-42a8-855f-88cfdcb3bf2d - - - - -] Service fd925d7d-420b-47f6-95c5-9b0daaf5b8d7 is updated service_manage_report /usr/lib/python2.7/dist-packages/heat/engine/service.py:2322
2020-04-05 23:38:39.634 290 DEBUG heat.engine.service [req-9754b153-08c6-42a0-a1ed-e0f3dcde6b84 - - - - -] Service a133d323-0c91-4170-9d46-9b0392389ba8 is updated service_manage_report /usr/lib/python2.7/dist-packages/heat/engine/service.py:2322
2020-04-05 23:38:39.768 293 DEBUG heat.engine.service [req-3e81004e-ef72-4f9f-b0f9-73433a8c0be6 - - - - -] Service 869ebd4b-0100-4fdf-b0bf-3a1e788d3ebd is updated service_manage_report /usr/lib/python2.7/dist-packages/heat/engine/service.py:2322
2020-04-05 23:38:39.772 292 DEBUG heat.engine.service [req-4d3ad37b-6160-40b1-a1bd-8e0087519908 - - - - -] Service 3cde8085-20d9-432f-8427-95d6c89b6435 is updated service_manage_report /usr/lib/python2.7/dist-packages/heat/engine/service.py:2322
2020-04-05 23:38:39.774 294 DEBUG heat.engine.service [req-22ebd55e-3de7-4505-9cff-7ced2c612592 - - - - -] Service 562b1839-dca2-4e3e-8b55-cd10b5296718 is updated service_manage_report /usr/lib/python2.7/dist-packages/heat/engine/service.py:2322
2020-04-05 23:38:40.487 295 DEBUG heat.engine.service [req-77d517c7-6daf-47c5-a8d4-9b139657a6c0 - - - - -] Service 3b4b682f-760e-4282-acce-4dd8fe2d86e0 is updated service_manage_report /usr/lib/python2.7/dist-packages/heat/engine/service.py:2322
2020-04-05 23:38:40.489 291 DEBUG heat.engine.service [req-1b7224a4-e985-499a-be8b-aad0ab1e82f2 - - - - -] Service fd925d7d-420b-47f6-95c5-9b0daaf5b8d7 is updated service_manage_report /usr/lib/python2.7/dist-packages/heat/engine/service.py:2322
2020-04-05 23:39:39.595 290 DEBUG heat.engine.service [req-ebb00546-8069-4048-a20e-d794ac5e4624 - - - - -] Service a133d323-0c91-4170-9d46-9b0392389ba8 is updated service_manage_report /usr/lib/python2.7/dist-packages/heat/engine/service.py:2322
2020-04-05 23:39:39.720 293 DEBUG heat.engine.service [req-637f4f1b-b7da-4e6a-960d-076a7e9fcf45 - - - - -] Service 869ebd4b-0100-4fdf-b0bf-3a1e788d3ebd is updated service_manage_report /usr/lib/python2.7/dist-packages/heat/engine/service.py:2322
2020-04-05 23:39:39.730 292 DEBUG heat.engine.service [req-8035c32e-9fce-4ed8-a997-e6dbc55d6da2 - - - - -] Service 3cde8085-20d9-432f-8427-95d6c89b6435 is updated service_manage_report /usr/lib/python2.7/dist-packages/heat/engine/service.py:2322
2020-04-05 23:39:39.732 294 DEBUG heat.engine.service [req-4661333c-3cd1-414e-a844-15db38bea41e - - - - -] Service 562b1839-dca2-4e3e-8b55-cd10b5296718 is updated service_manage_report /usr/lib/python2.7/dist-packages/heat/engine/service.py:2322
2020-04-05 23:39:40.446 291 DEBUG heat.engine.service [req-a6c2342a-8510-4810-9aef-2e1833d65b12 - - - - -] Service fd925d7d-420b-47f6-95c5-9b0daaf5b8d7 is updated service_manage_report /usr/lib/python2.7/dist-packages/heat/engine/service.py:2322
2020-04-05 23:39:40.447 295 DEBUG heat.engine.service [req-c2e3b8c3-d75c-4b37-b761-23ae42f282b8 - - - - -] Service 3b4b682f-760e-4282-acce-4dd8fe2d86e0 is updated service_manage_report /usr/lib/python2.7/dist-packages/heat/engine/service.py:2322
2020-04-05 23:40:39.559 290 DEBUG heat.engine.service [req-3219c579-b96c-4fb9-b50e-17455785d4a5 - - - - -] Service a133d323-0c91-4170-9d46-9b0392389ba8 is updated service_manage_report /usr/lib/python2.7/dist-packages/heat/engine/service.py:2322
2020-04-05 23:40:39.673 293 DEBUG heat.engine.service [req-8b754b74-d03f-4a02-8be8-ae9efb8ee2e6 - - - - -] Service 869ebd4b-0100-4fdf-b0bf-3a1e788d3ebd is updated service_manage_report /usr/lib/python2.7/dist-packages/heat/engine/service.py:2322
2020-04-05 23:40:39.688 292 DEBUG heat.engine.service [req-5c4bbc0f-e75f-4728-8e06-7afeaceeb5a5 - - - - -] Service 3cde8085-20d9-432f-8427-95d6c89b6435 is updated service_manage_report /usr/lib/python2.7/dist-packages/heat/engine/service.py:2322
2020-04-05 23:40:39.692 294 DEBUG heat.engine.service [req-e49085b3-74b5-4e6a-87a9-8bd2097d1aa7 - - - - -] Service 562b1839-dca2-4e3e-8b55-cd10b5296718 is updated service_manage_report /usr/lib/python2.7/dist-packages/heat/engine/service.py:2322
2020-04-05 23:40:40.404 295 DEBUG heat.engine.service [req-07dc5ab2-6a5b-43e4-a76c-20d618cb9306 - - - - -] Service 3b4b682f-760e-4282-acce-4dd8fe2d86e0 is updated service_manage_report /usr/lib/python2.7/dist-packages/heat/engine/service.py:2322
2020-04-05 23:40:40.405 291 DEBUG heat.engine.service [req-2c1fc056-2f51-4ff7-8fed-a0df34b677f2 - - - - -] Service fd925d7d-420b-47f6-95c5-9b0daaf5b8d7 is updated service_manage_report /usr/lib/python2.7/dist-packages/heat/engine/service.py:2322
2020-04-05 23:41:39.533 290 DEBUG heat.engine.service [req-6d88bc13-3a15-407d-ad57-de51e2da71ea - - - - -] Service a133d323-0c91-4170-9d46-9b0392389ba8 is updated service_manage_report /usr/lib/python2.7/dist-packages/heat/engine/service.py:2322
2020-04-05 23:41:39.650 292 DEBUG heat.engine.service [req-f4e708fe-8e69-43fd-82dc-150e47478037 - - - - -] Service 3cde8085-20d9-432f-8427-95d6c89b6435 is updated service_manage_report /usr/lib/python2.7/dist-packages/heat/engine/service.py:2322
2020-04-05 23:41:39.653 293 DEBUG heat.engine.service [req-dceaeac5-3b13-4905-a3b3-70b04616f7d6 - - - - -] Service 869ebd4b-0100-4fdf-b0bf-3a1e788d3ebd is updated service_manage_report /usr/lib/python2.7/dist-packages/heat/engine/service.py:2322
2020-04-05 23:41:39.669 294 DEBUG heat.engine.service [req-d6e8dd97-8669-44ac-8d7b-94300d10b162 - - - - -] Service 562b1839-dca2-4e3e-8b55-cd10b5296718 is updated service_manage_report /usr/lib/python2.7/dist-packages/heat/engine/service.py:2322
2020-04-05 23:41:40.366 295 DEBUG heat.engine.service [req-f1aad7f8-a2a5-4ae2-bebd-421cfda55486 - - - - -] Service 3b4b682f-760e-4282-acce-4dd8fe2d86e0 is updated service_manage_report /usr/lib/python2.7/dist-packages/heat/engine/service.py:2322
2020-04-05 23:41:40.367 291 DEBUG heat.engine.service [req-80dbef22-04c3-4cbf-acbe-c5eb2480200b - - - - -] Service fd925d7d-420b-47f6-95c5-9b0daaf5b8d7 is updated service_manage_report /usr/lib/python2.7/dist-packages/heat/engine/service.py:2322
2020-04-05 23:42:39.470 290 DEBUG heat.engine.service [req-598410e9-7901-4527-ae1c-8c46efde6cfb - - - - -] Service a133d323-0c91-4170-9d46-9b0392389ba8 is updated service_manage_report /usr/lib/python2.7/dist-packages/heat/engine/service.py:2322
2020-04-05 23:42:39.592 293 DEBUG heat.engine.service [req-7e91fd8f-6090-466d-9bef-10e499d7813a - - - - -] Service 869ebd4b-0100-4fdf-b0bf-3a1e788d3ebd is updated service_manage_report /usr/lib/python2.7/dist-packages/heat/engine/service.py:2322
2020-04-05 23:42:39.606 294 DEBUG heat.engine.service [req-ce2afe9a-8185-4153-9d59-06d62ce301da - - - - -] Service 562b1839-dca2-4e3e-8b55-cd10b5296718 is updated service_manage_report /usr/lib/python2.7/dist-packages/heat/engine/service.py:2322
2020-04-05 23:42:39.612 292 DEBUG heat.engine.service [req-dd2eb089-510f-4c61-af76-0d11f4cd8e92 - - - - -] Service 3cde8085-20d9-432f-8427-95d6c89b6435 is updated service_manage_report /usr/lib/python2.7/dist-packages/heat/engine/service.py:2322
2020-04-05 23:42:40.318 291 DEBUG heat.engine.service [req-11033e8e-5c61-4f49-9edf-371bfc7e61ef - - - - -] Service fd925d7d-420b-47f6-95c5-9b0daaf5b8d7 is updated service_manage_report /usr/lib/python2.7/dist-packages/heat/engine/service.py:2322
2020-04-05 23:42:40.324 295 DEBUG heat.engine.service [req-7cd60548-f104-4e6d-a7a2-fafe01b9eb92 - - - - -] Service 3b4b682f-760e-4282-acce-4dd8fe2d86e0 is updated service_manage_report /usr/lib/python2.7/dist-packages/heat/engine/service.py:2322
2020-04-05 23:43:39.454 290 DEBUG heat.engine.service [req-809d0621-87de-48b0-bc9d-5f4037b17be8 - - - - -] Service a133d323-0c91-4170-9d46-9b0392389ba8 is updated service_manage_report /usr/lib/python2.7/dist-packages/heat/engine/service.py:2322
2020-04-05 23:43:39.556 293 DEBUG heat.engine.service [req-ede92525-37a9-4a0d-8e9c-7dd87b0acae6 - - - - -] Service 869ebd4b-0100-4fdf-b0bf-3a1e788d3ebd is updated service_manage_report /usr/lib/python2.7/dist-packages/heat/engine/service.py:2322
2020-04-05 23:43:39.570 294 DEBUG heat.engine.service [req-d88d7bd2-96e1-424e-ba06-bebb122f3883 - - - - -] Service 562b1839-dca2-4e3e-8b55-cd10b5296718 is updated service_manage_report /usr/lib/python2.7/dist-packages/heat/engine/service.py:2322
2020-04-05 23:43:39.574 292 DEBUG heat.engine.service [req-3cd0da4d-3c64-4974-b7d8-2cd6add0f5a0 - - - - -] Service 3cde8085-20d9-432f-8427-95d6c89b6435 is updated service_manage_report /usr/lib/python2.7/dist-packages/heat/engine/service.py:2322
2020-04-05 23:43:40.278 291 DEBUG heat.engine.service [req-93045ac5-caa6-43bc-bc8a-4f3591ee95ae - - - - -] Service fd925d7d-420b-47f6-95c5-9b0daaf5b8d7 is updated service_manage_report /usr/lib/python2.7/dist-packages/heat/engine/service.py:2322
2020-04-05 23:43:40.283 295 DEBUG heat.engine.service [req-43f81646-7524-436b-8d25-8df7f0b2f233 - - - - -] Service 3b4b682f-760e-4282-acce-4dd8fe2d86e0 is updated service_manage_report /usr/lib/python2.7/dist-packages/heat/engine/service.py:2322
2020-04-05 23:44:39.390 290 DEBUG heat.engine.service [req-b7c457cc-9508-4320-88ef-8a50688def24 - - - - -] Service a133d323-0c91-4170-9d46-9b0392389ba8 is updated service_manage_report /usr/lib/python2.7/dist-packages/heat/engine/service.py:2322
2020-04-05 23:44:39.530 293 DEBUG heat.engine.service [req-e9c83405-87b5-487b-9405-1e6f84227ca1 - - - - -] Service 869ebd4b-0100-4fdf-b0bf-3a1e788d3ebd is updated service_manage_report /usr/lib/python2.7/dist-packages/heat/engine/service.py:2322
2020-04-05 23:44:39.532 294 DEBUG heat.engine.service [req-731548ec-34f7-4a2d-a2bd-f55cdcda703b - - - - -] Service 562b1839-dca2-4e3e-8b55-cd10b5296718 is updated service_manage_report /usr/lib/python2.7/dist-packages/heat/engine/service.py:2322
2020-04-05 23:44:39.534 292 DEBUG heat.engine.service [req-638b3b54-c601-469f-b127-cda606737a27 - - - - -] Service 3cde8085-20d9-432f-8427-95d6c89b6435 is updated service_manage_report /usr/lib/python2.7/dist-packages/heat/engine/service.py:2322
2020-04-05 23:44:40.249 291 DEBUG heat.engine.service [req-bb6d6063-ab13-4b9b-b3b1-8e7c76f996da - - - - -] Service fd925d7d-420b-47f6-95c5-9b0daaf5b8d7 is updated service_manage_report /usr/lib/python2.7/dist-packages/heat/engine/service.py:2322
2020-04-05 23:44:40.303 295 DEBUG heat.engine.service [req-36720698-c528-407a-ae44-da50ea43104c - - - - -] Service 3b4b682f-760e-4282-acce-4dd8fe2d86e0 is updated service_manage_report /usr/lib/python2.7/dist-packages/heat/engine/service.py:2322
2020-04-05 23:45:39.350 290 DEBUG heat.engine.service [req-8224392b-ed65-4ccf-bf5b-46f1da58d024 - - - - -] Service a133d323-0c91-4170-9d46-9b0392389ba8 is updated service_manage_report /usr/lib/python2.7/dist-packages/heat/engine/service.py:2322
2020-04-05 23:45:39.488 294 DEBUG heat.engine.service [req-7102dad6-2ff6-4a18-8124-d7b8d216fdb6 - - - - -] Service 562b1839-dca2-4e3e-8b55-cd10b5296718 is updated service_manage_report /usr/lib/python2.7/dist-packages/heat/engine/service.py:2322
2020-04-05 23:45:39.489 293 DEBUG heat.engine.service [req-7c7c3d60-982f-4a06-8cdf-c11b62ab2473 - - - - -] Service 869ebd4b-0100-4fdf-b0bf-3a1e788d3ebd is updated service_manage_report /usr/lib/python2.7/dist-packages/heat/engine/service.py:2322
2020-04-05 23:45:39.497 292 DEBUG heat.engine.service [req-825f6eb4-f3e7-4636-b12c-edefa165302f - - - - -] Service 3cde8085-20d9-432f-8427-95d6c89b6435 is updated service_manage_report /usr/lib/python2.7/dist-packages/heat/engine/service.py:2322
2020-04-05 23:45:40.195 291 DEBUG heat.engine.service [req-2bd05177-1898-4a6d-a3da-0d4da6a9c9c9 - - - - -] Service fd925d7d-420b-47f6-95c5-9b0daaf5b8d7 is updated service_manage_report /usr/lib/python2.7/dist-packages/heat/engine/service.py:2322
2020-04-05 23:45:40.202 295 DEBUG heat.engine.service [req-9735c424-cfed-4917-bea6-e3b8285b16e7 - - - - -] Service 3b4b682f-760e-4282-acce-4dd8fe2d86e0 is updated service_manage_report /usr/lib/python2.7/dist-packages/heat/engine/service.py:2322
