2020-04-05 23:15:51.507 293 DEBUG heat.engine.service [req-af88bcc3-2788-458b-8826-824e0bf71a5b - - - - -] Service 075cf97b-cab5-4643-bf20-6cb137712505 is updated service_manage_report /usr/lib/python2.7/dist-packages/heat/engine/service.py:2322
2020-04-05 23:15:51.509 290 DEBUG heat.engine.service [req-19a800fb-3bbc-4ebe-9b80-3c669273cf40 - - - - -] Service 4b6005d5-c81e-4bdb-9fbf-539b1ed8ee3b is updated service_manage_report /usr/lib/python2.7/dist-packages/heat/engine/service.py:2322
2020-04-05 23:15:51.576 292 DEBUG heat.engine.service [req-7e31bbfb-73ff-4dc0-a133-90cb085b0408 - - - - -] Service 0fc5ce23-57ce-45e2-9ff2-7c6624a0d77f is updated service_manage_report /usr/lib/python2.7/dist-packages/heat/engine/service.py:2322
2020-04-05 23:15:51.700 291 DEBUG heat.engine.service [req-af52c0be-9df1-4641-8dfb-7447dc5753d9 - - - - -] Service 13a2d109-9c95-4414-b1a6-21833308a26d is updated service_manage_report /usr/lib/python2.7/dist-packages/heat/engine/service.py:2322
2020-04-05 23:15:51.719 294 DEBUG heat.engine.service [req-ac492383-c43c-4eae-80a0-4cc9a1384aa4 - - - - -] Service 6ed3f91e-c664-442c-b43f-3c00e4861db1 is updated service_manage_report /usr/lib/python2.7/dist-packages/heat/engine/service.py:2322
2020-04-05 23:15:51.723 295 DEBUG heat.engine.service [req-30a852c2-7889-42bf-81b5-183ec835b25b - - - - -] Service b83898a7-6951-4b2e-a8fe-5f8c1aceb5fc is updated service_manage_report /usr/lib/python2.7/dist-packages/heat/engine/service.py:2322
2020-04-05 23:16:51.467 293 DEBUG heat.engine.service [req-a3ad3a26-315f-42bf-b38e-73ab3821a76a - - - - -] Service 075cf97b-cab5-4643-bf20-6cb137712505 is updated service_manage_report /usr/lib/python2.7/dist-packages/heat/engine/service.py:2322
2020-04-05 23:16:51.468 290 DEBUG heat.engine.service [req-99cb4228-772a-4360-81c1-7470201926aa - - - - -] Service 4b6005d5-c81e-4bdb-9fbf-539b1ed8ee3b is updated service_manage_report /usr/lib/python2.7/dist-packages/heat/engine/service.py:2322
2020-04-05 23:16:51.545 292 DEBUG heat.engine.service [req-5ff787e1-63bf-4a5b-a34b-f9669eb9cd89 - - - - -] Service 0fc5ce23-57ce-45e2-9ff2-7c6624a0d77f is updated service_manage_report /usr/lib/python2.7/dist-packages/heat/engine/service.py:2322
2020-04-05 23:16:51.670 291 DEBUG heat.engine.service [req-ae20f25e-333b-44e3-9589-15e6b397462b - - - - -] Service 13a2d109-9c95-4414-b1a6-21833308a26d is updated service_manage_report /usr/lib/python2.7/dist-packages/heat/engine/service.py:2322
2020-04-05 23:16:51.681 294 DEBUG heat.engine.service [req-4cdccf56-6abe-447c-b3f3-866532e09e79 - - - - -] Service 6ed3f91e-c664-442c-b43f-3c00e4861db1 is updated service_manage_report /usr/lib/python2.7/dist-packages/heat/engine/service.py:2322
2020-04-05 23:16:51.687 295 DEBUG heat.engine.service [req-9e1e6c95-d4b1-4769-a89a-99b3218f805b - - - - -] Service b83898a7-6951-4b2e-a8fe-5f8c1aceb5fc is updated service_manage_report /usr/lib/python2.7/dist-packages/heat/engine/service.py:2322
2020-04-05 23:17:51.433 290 DEBUG heat.engine.service [req-0a83ee78-c597-4607-83f4-43ce8141b8cc - - - - -] Service 4b6005d5-c81e-4bdb-9fbf-539b1ed8ee3b is updated service_manage_report /usr/lib/python2.7/dist-packages/heat/engine/service.py:2322
2020-04-05 23:17:51.434 293 DEBUG heat.engine.service [req-bd3a84b0-f2e8-4dce-9714-84ee13e4dff5 - - - - -] Service 075cf97b-cab5-4643-bf20-6cb137712505 is updated service_manage_report /usr/lib/python2.7/dist-packages/heat/engine/service.py:2322
2020-04-05 23:17:51.499 292 DEBUG heat.engine.service [req-8e579c77-e508-4eed-bb54-9487fe7d936f - - - - -] Service 0fc5ce23-57ce-45e2-9ff2-7c6624a0d77f is updated service_manage_report /usr/lib/python2.7/dist-packages/heat/engine/service.py:2322
2020-04-05 23:17:51.628 291 DEBUG heat.engine.service [req-0e417292-84c2-42b7-8188-c7f2986eff4b - - - - -] Service 13a2d109-9c95-4414-b1a6-21833308a26d is updated service_manage_report /usr/lib/python2.7/dist-packages/heat/engine/service.py:2322
2020-04-05 23:17:51.643 294 DEBUG heat.engine.service [req-4893aa04-d46b-4d68-b44c-d7b1342deb35 - - - - -] Service 6ed3f91e-c664-442c-b43f-3c00e4861db1 is updated service_manage_report /usr/lib/python2.7/dist-packages/heat/engine/service.py:2322
2020-04-05 23:17:51.649 295 DEBUG heat.engine.service [req-1cddd547-e9dd-4856-afe7-8cccc5e1e38d - - - - -] Service b83898a7-6951-4b2e-a8fe-5f8c1aceb5fc is updated service_manage_report /usr/lib/python2.7/dist-packages/heat/engine/service.py:2322
2020-04-05 23:18:51.395 293 DEBUG heat.engine.service [req-d04a48ce-7fea-45d7-9f84-04d1fe428e63 - - - - -] Service 075cf97b-cab5-4643-bf20-6cb137712505 is updated service_manage_report /usr/lib/python2.7/dist-packages/heat/engine/service.py:2322
2020-04-05 23:18:51.396 290 DEBUG heat.engine.service [req-97f00134-b709-4a70-b92f-143ba266736f - - - - -] Service 4b6005d5-c81e-4bdb-9fbf-539b1ed8ee3b is updated service_manage_report /usr/lib/python2.7/dist-packages/heat/engine/service.py:2322
2020-04-05 23:18:51.453 292 DEBUG heat.engine.service [req-aa517041-f60f-4fc7-9351-e9d791e79a2e - - - - -] Service 0fc5ce23-57ce-45e2-9ff2-7c6624a0d77f is updated service_manage_report /usr/lib/python2.7/dist-packages/heat/engine/service.py:2322
2020-04-05 23:18:51.591 291 DEBUG heat.engine.service [req-5a71c319-6041-49af-ace9-cfa7f8994090 - - - - -] Service 13a2d109-9c95-4414-b1a6-21833308a26d is updated service_manage_report /usr/lib/python2.7/dist-packages/heat/engine/service.py:2322
2020-04-05 23:18:51.610 294 DEBUG heat.engine.service [req-6cbbcc9b-ad8e-467d-8a71-ebe8c19ab2af - - - - -] Service 6ed3f91e-c664-442c-b43f-3c00e4861db1 is updated service_manage_report /usr/lib/python2.7/dist-packages/heat/engine/service.py:2322
2020-04-05 23:18:51.614 295 DEBUG heat.engine.service [req-eb823187-78fb-42ef-aae1-21e853eb1aee - - - - -] Service b83898a7-6951-4b2e-a8fe-5f8c1aceb5fc is updated service_manage_report /usr/lib/python2.7/dist-packages/heat/engine/service.py:2322
2020-04-05 23:19:51.357 293 DEBUG heat.engine.service [req-50e64dab-5c07-4e3d-90e5-eb67fdcbcce8 - - - - -] Service 075cf97b-cab5-4643-bf20-6cb137712505 is updated service_manage_report /usr/lib/python2.7/dist-packages/heat/engine/service.py:2322
2020-04-05 23:19:51.358 290 DEBUG heat.engine.service [req-f7ad5f4d-b131-46ad-9b98-de25bc498915 - - - - -] Service 4b6005d5-c81e-4bdb-9fbf-539b1ed8ee3b is updated service_manage_report /usr/lib/python2.7/dist-packages/heat/engine/service.py:2322
2020-04-05 23:19:51.421 292 DEBUG heat.engine.service [req-df2765e9-c7da-4f68-8080-d1e9154aaf6d - - - - -] Service 0fc5ce23-57ce-45e2-9ff2-7c6624a0d77f is updated service_manage_report /usr/lib/python2.7/dist-packages/heat/engine/service.py:2322
2020-04-05 23:19:51.558 291 DEBUG heat.engine.service [req-8c0e36fb-4f5a-45e5-a105-d334baf547e7 - - - - -] Service 13a2d109-9c95-4414-b1a6-21833308a26d is updated service_manage_report /usr/lib/python2.7/dist-packages/heat/engine/service.py:2322
2020-04-05 23:19:51.572 294 DEBUG heat.engine.service [req-c186e3fa-12f2-4e7e-bff2-b3f7951a6b9b - - - - -] Service 6ed3f91e-c664-442c-b43f-3c00e4861db1 is updated service_manage_report /usr/lib/python2.7/dist-packages/heat/engine/service.py:2322
2020-04-05 23:19:51.577 295 DEBUG heat.engine.service [req-99a54f38-9cf3-4a05-8dc8-a1dd5ff1fa23 - - - - -] Service b83898a7-6951-4b2e-a8fe-5f8c1aceb5fc is updated service_manage_report /usr/lib/python2.7/dist-packages/heat/engine/service.py:2322
2020-04-05 23:20:51.318 290 DEBUG heat.engine.service [req-67525057-cac4-4dfd-90c5-61dcbaa3f199 - - - - -] Service 4b6005d5-c81e-4bdb-9fbf-539b1ed8ee3b is updated service_manage_report /usr/lib/python2.7/dist-packages/heat/engine/service.py:2322
2020-04-05 23:20:51.320 293 DEBUG heat.engine.service [req-b82439a2-2ee7-41e1-a2af-05dc7108dde5 - - - - -] Service 075cf97b-cab5-4643-bf20-6cb137712505 is updated service_manage_report /usr/lib/python2.7/dist-packages/heat/engine/service.py:2322
2020-04-05 23:20:51.386 292 DEBUG heat.engine.service [req-39f6b9b7-afe4-4c8c-9893-5c4b7d528b08 - - - - -] Service 0fc5ce23-57ce-45e2-9ff2-7c6624a0d77f is updated service_manage_report /usr/lib/python2.7/dist-packages/heat/engine/service.py:2322
2020-04-05 23:20:51.525 291 DEBUG heat.engine.service [req-008e529d-700c-41c5-b9fd-440e30e8c325 - - - - -] Service 13a2d109-9c95-4414-b1a6-21833308a26d is updated service_manage_report /usr/lib/python2.7/dist-packages/heat/engine/service.py:2322
2020-04-05 23:20:51.532 294 DEBUG heat.engine.service [req-b87ccf20-a871-4f4f-85a8-131a189b3419 - - - - -] Service 6ed3f91e-c664-442c-b43f-3c00e4861db1 is updated service_manage_report /usr/lib/python2.7/dist-packages/heat/engine/service.py:2322
2020-04-05 23:20:51.535 295 DEBUG heat.engine.service [req-bcb3da1b-db68-4b1d-9b30-44406b6ef40b - - - - -] Service b83898a7-6951-4b2e-a8fe-5f8c1aceb5fc is updated service_manage_report /usr/lib/python2.7/dist-packages/heat/engine/service.py:2322
2020-04-05 23:21:51.283 290 DEBUG heat.engine.service [req-2b1c29a3-824b-4d3f-bb03-b4ca8f48e1c8 - - - - -] Service 4b6005d5-c81e-4bdb-9fbf-539b1ed8ee3b is updated service_manage_report /usr/lib/python2.7/dist-packages/heat/engine/service.py:2322
2020-04-05 23:21:51.287 293 DEBUG heat.engine.service [req-c6bfc14a-b303-455f-8894-2980a7bb17e5 - - - - -] Service 075cf97b-cab5-4643-bf20-6cb137712505 is updated service_manage_report /usr/lib/python2.7/dist-packages/heat/engine/service.py:2322
2020-04-05 23:21:51.358 292 DEBUG heat.engine.service [req-81ad12c3-60ea-4cc2-96e6-1e21955b1b51 - - - - -] Service 0fc5ce23-57ce-45e2-9ff2-7c6624a0d77f is updated service_manage_report /usr/lib/python2.7/dist-packages/heat/engine/service.py:2322
2020-04-05 23:21:51.496 294 DEBUG heat.engine.service [req-b7fe8950-c5bb-4739-8d97-d6e0161e2422 - - - - -] Service 6ed3f91e-c664-442c-b43f-3c00e4861db1 is updated service_manage_report /usr/lib/python2.7/dist-packages/heat/engine/service.py:2322
2020-04-05 23:21:51.495 291 DEBUG heat.engine.service [req-bbe0077a-186e-456e-85df-49f118cdb1b9 - - - - -] Service 13a2d109-9c95-4414-b1a6-21833308a26d is updated service_manage_report /usr/lib/python2.7/dist-packages/heat/engine/service.py:2322
2020-04-05 23:21:51.500 295 DEBUG heat.engine.service [req-2a4ad530-418b-486f-82da-49a6549c154e - - - - -] Service b83898a7-6951-4b2e-a8fe-5f8c1aceb5fc is updated service_manage_report /usr/lib/python2.7/dist-packages/heat/engine/service.py:2322
2020-04-05 23:22:51.241 290 DEBUG heat.engine.service [req-090319f4-9108-4f29-8bdb-0fa786819598 - - - - -] Service 4b6005d5-c81e-4bdb-9fbf-539b1ed8ee3b is updated service_manage_report /usr/lib/python2.7/dist-packages/heat/engine/service.py:2322
2020-04-05 23:22:51.247 293 DEBUG heat.engine.service [req-7806418b-a7f1-4589-a76b-54285d5fb60f - - - - -] Service 075cf97b-cab5-4643-bf20-6cb137712505 is updated service_manage_report /usr/lib/python2.7/dist-packages/heat/engine/service.py:2322
2020-04-05 23:22:51.309 292 DEBUG heat.engine.service [req-ffe6b4dc-ce35-4c25-99fa-bc95756155f2 - - - - -] Service 0fc5ce23-57ce-45e2-9ff2-7c6624a0d77f is updated service_manage_report /usr/lib/python2.7/dist-packages/heat/engine/service.py:2322
2020-04-05 23:22:51.464 291 DEBUG heat.engine.service [req-58639bcb-626b-416f-b87c-0c114a9bb222 - - - - -] Service 13a2d109-9c95-4414-b1a6-21833308a26d is updated service_manage_report /usr/lib/python2.7/dist-packages/heat/engine/service.py:2322
2020-04-05 23:22:51.464 294 DEBUG heat.engine.service [req-4f932c71-3451-419c-a18f-5e74192a41ba - - - - -] Service 6ed3f91e-c664-442c-b43f-3c00e4861db1 is updated service_manage_report /usr/lib/python2.7/dist-packages/heat/engine/service.py:2322
2020-04-05 23:22:51.465 295 DEBUG heat.engine.service [req-6d628f19-b26e-48a0-acd2-77ebd4085253 - - - - -] Service b83898a7-6951-4b2e-a8fe-5f8c1aceb5fc is updated service_manage_report /usr/lib/python2.7/dist-packages/heat/engine/service.py:2322
2020-04-05 23:23:51.204 290 DEBUG heat.engine.service [req-428591a4-a57c-462f-8bab-09ffb153d2c8 - - - - -] Service 4b6005d5-c81e-4bdb-9fbf-539b1ed8ee3b is updated service_manage_report /usr/lib/python2.7/dist-packages/heat/engine/service.py:2322
2020-04-05 23:23:51.208 293 DEBUG heat.engine.service [req-8123835a-9b61-4e98-8d43-5ab88ef929a9 - - - - -] Service 075cf97b-cab5-4643-bf20-6cb137712505 is updated service_manage_report /usr/lib/python2.7/dist-packages/heat/engine/service.py:2322
2020-04-05 23:23:51.278 292 DEBUG heat.engine.service [req-5b5bfe1e-d815-4a6c-a44b-2f07363bbb31 - - - - -] Service 0fc5ce23-57ce-45e2-9ff2-7c6624a0d77f is updated service_manage_report /usr/lib/python2.7/dist-packages/heat/engine/service.py:2322
2020-04-05 23:23:51.521 294 DEBUG heat.engine.service [req-2c66b1df-9979-42d7-897e-d0f0c23450ab - - - - -] Service 6ed3f91e-c664-442c-b43f-3c00e4861db1 is updated service_manage_report /usr/lib/python2.7/dist-packages/heat/engine/service.py:2322
2020-04-05 23:23:51.522 291 DEBUG heat.engine.service [req-7f84c865-fe13-4ecd-948b-eed3928fa3ae - - - - -] Service 13a2d109-9c95-4414-b1a6-21833308a26d is updated service_manage_report /usr/lib/python2.7/dist-packages/heat/engine/service.py:2322
2020-04-05 23:23:51.522 295 DEBUG heat.engine.service [req-5b97c065-3031-4f31-88c1-04c04ab9ffc1 - - - - -] Service b83898a7-6951-4b2e-a8fe-5f8c1aceb5fc is updated service_manage_report /usr/lib/python2.7/dist-packages/heat/engine/service.py:2322
2020-04-05 23:24:51.171 290 DEBUG heat.engine.service [req-4dc17c30-6600-48c5-b7c3-e37c67bacaff - - - - -] Service 4b6005d5-c81e-4bdb-9fbf-539b1ed8ee3b is updated service_manage_report /usr/lib/python2.7/dist-packages/heat/engine/service.py:2322
2020-04-05 23:24:51.173 293 DEBUG heat.engine.service [req-45d65758-a358-4adf-a71d-c6f20898190d - - - - -] Service 075cf97b-cab5-4643-bf20-6cb137712505 is updated service_manage_report /usr/lib/python2.7/dist-packages/heat/engine/service.py:2322
2020-04-05 23:24:51.237 292 DEBUG heat.engine.service [req-e74140dc-be5e-4c5f-aa7c-7bb55f9d5077 - - - - -] Service 0fc5ce23-57ce-45e2-9ff2-7c6624a0d77f is updated service_manage_report /usr/lib/python2.7/dist-packages/heat/engine/service.py:2322
2020-04-05 23:24:51.377 294 DEBUG heat.engine.service [req-67db46c5-2f06-4434-9e4c-f6f3822d9d0b - - - - -] Service 6ed3f91e-c664-442c-b43f-3c00e4861db1 is updated service_manage_report /usr/lib/python2.7/dist-packages/heat/engine/service.py:2322
2020-04-05 23:24:51.379 295 DEBUG heat.engine.service [req-926d6e0a-d2cf-4ced-a773-b6af22d68f85 - - - - -] Service b83898a7-6951-4b2e-a8fe-5f8c1aceb5fc is updated service_manage_report /usr/lib/python2.7/dist-packages/heat/engine/service.py:2322
2020-04-05 23:24:51.381 291 DEBUG heat.engine.service [req-e83b4375-fb26-401e-b2b8-0ca557efd31a - - - - -] Service 13a2d109-9c95-4414-b1a6-21833308a26d is updated service_manage_report /usr/lib/python2.7/dist-packages/heat/engine/service.py:2322
2020-04-05 23:25:51.146 293 DEBUG heat.engine.service [req-3510705f-0666-4fe9-b13d-d0a3d19e9645 - - - - -] Service 075cf97b-cab5-4643-bf20-6cb137712505 is updated service_manage_report /usr/lib/python2.7/dist-packages/heat/engine/service.py:2322
2020-04-05 23:25:51.147 290 DEBUG heat.engine.service [req-2a32d253-c577-46ed-948f-984cafea2694 - - - - -] Service 4b6005d5-c81e-4bdb-9fbf-539b1ed8ee3b is updated service_manage_report /usr/lib/python2.7/dist-packages/heat/engine/service.py:2322
2020-04-05 23:25:51.206 292 DEBUG heat.engine.service [req-2f753987-e679-4c56-8b60-3eeebeee889a - - - - -] Service 0fc5ce23-57ce-45e2-9ff2-7c6624a0d77f is updated service_manage_report /usr/lib/python2.7/dist-packages/heat/engine/service.py:2322
2020-04-05 23:25:51.344 294 DEBUG heat.engine.service [req-faab18f7-29d2-4d5a-a5fb-46bc590cd963 - - - - -] Service 6ed3f91e-c664-442c-b43f-3c00e4861db1 is updated service_manage_report /usr/lib/python2.7/dist-packages/heat/engine/service.py:2322
2020-04-05 23:25:51.346 295 DEBUG heat.engine.service [req-e989d58b-45ee-46a0-8679-c43ab7a18f8f - - - - -] Service b83898a7-6951-4b2e-a8fe-5f8c1aceb5fc is updated service_manage_report /usr/lib/python2.7/dist-packages/heat/engine/service.py:2322
2020-04-05 23:25:51.349 291 DEBUG heat.engine.service [req-9807c6e4-57ef-43d9-bff5-57d01ab3bced - - - - -] Service 13a2d109-9c95-4414-b1a6-21833308a26d is updated service_manage_report /usr/lib/python2.7/dist-packages/heat/engine/service.py:2322
2020-04-05 23:26:51.096 293 DEBUG heat.engine.service [req-6e82e775-0bd2-4ef3-86a4-d9a11052f2f2 - - - - -] Service 075cf97b-cab5-4643-bf20-6cb137712505 is updated service_manage_report /usr/lib/python2.7/dist-packages/heat/engine/service.py:2322
2020-04-05 23:26:51.097 290 DEBUG heat.engine.service [req-dda86eaf-a356-419e-8aaa-106d7b9bff22 - - - - -] Service 4b6005d5-c81e-4bdb-9fbf-539b1ed8ee3b is updated service_manage_report /usr/lib/python2.7/dist-packages/heat/engine/service.py:2322
2020-04-05 23:26:51.176 292 DEBUG heat.engine.service [req-1053b99e-6aa8-453a-a063-7c4c48f8662c - - - - -] Service 0fc5ce23-57ce-45e2-9ff2-7c6624a0d77f is updated service_manage_report /usr/lib/python2.7/dist-packages/heat/engine/service.py:2322
2020-04-05 23:26:51.312 291 DEBUG heat.engine.service [req-b788cec1-2742-41b7-9f48-b5f1be23694a - - - - -] Service 13a2d109-9c95-4414-b1a6-21833308a26d is updated service_manage_report /usr/lib/python2.7/dist-packages/heat/engine/service.py:2322
2020-04-05 23:26:51.314 294 DEBUG heat.engine.service [req-2572d8c6-d8c9-45e1-b2c2-e4dc3be5dd4b - - - - -] Service 6ed3f91e-c664-442c-b43f-3c00e4861db1 is updated service_manage_report /usr/lib/python2.7/dist-packages/heat/engine/service.py:2322
2020-04-05 23:26:51.315 295 DEBUG heat.engine.service [req-9d9e9b38-f214-4775-aec2-43f469e0c62b - - - - -] Service b83898a7-6951-4b2e-a8fe-5f8c1aceb5fc is updated service_manage_report /usr/lib/python2.7/dist-packages/heat/engine/service.py:2322
2020-04-05 23:27:51.057 290 DEBUG heat.engine.service [req-c0e85897-920d-42c4-a661-82e5e748103b - - - - -] Service 4b6005d5-c81e-4bdb-9fbf-539b1ed8ee3b is updated service_manage_report /usr/lib/python2.7/dist-packages/heat/engine/service.py:2322
2020-04-05 23:27:51.060 293 DEBUG heat.engine.service [req-ebaa34ed-0356-49b5-b865-7823be0d05a8 - - - - -] Service 075cf97b-cab5-4643-bf20-6cb137712505 is updated service_manage_report /usr/lib/python2.7/dist-packages/heat/engine/service.py:2322
2020-04-05 23:27:51.133 292 DEBUG heat.engine.service [req-02e529e3-e051-4c63-8c66-ba704b3f2ca4 - - - - -] Service 0fc5ce23-57ce-45e2-9ff2-7c6624a0d77f is updated service_manage_report /usr/lib/python2.7/dist-packages/heat/engine/service.py:2322
2020-04-05 23:27:51.273 291 DEBUG heat.engine.service [req-7659d66d-3c98-4113-bfb9-0444dca2fb47 - - - - -] Service 13a2d109-9c95-4414-b1a6-21833308a26d is updated service_manage_report /usr/lib/python2.7/dist-packages/heat/engine/service.py:2322
2020-04-05 23:27:51.276 295 DEBUG heat.engine.service [req-f34f14dd-ffb3-407b-ac7d-ceb980d21843 - - - - -] Service b83898a7-6951-4b2e-a8fe-5f8c1aceb5fc is updated service_manage_report /usr/lib/python2.7/dist-packages/heat/engine/service.py:2322
2020-04-05 23:27:51.281 294 DEBUG heat.engine.service [req-ff271509-5101-40c6-bf3b-ab24a9e427b5 - - - - -] Service 6ed3f91e-c664-442c-b43f-3c00e4861db1 is updated service_manage_report /usr/lib/python2.7/dist-packages/heat/engine/service.py:2322
2020-04-05 23:30:31.757 22 WARNING heat.common.config [-] stack_user_domain_id or stack_user_domain_name not set in heat.conf falling back to using default
2020-04-05 23:30:32.220 22 WARNING heat.common.pluginutils [-] Encountered exception while loading heat.engine.clients.os.zun: "No module named zunclient". Not using zun.
2020-04-05 23:30:32.959 22 WARNING heat.engine.environment [-] OS::Aodh::CombinationAlarm is HIDDEN. OS::Aodh::CombinationAlarm is deprecated and has been removed from Aodh, use OS::Aodh::CompositeAlarm instead.
2020-04-05 23:30:32.961 22 WARNING heat.engine.environment [-] OS::Aodh::Alarm is DEPRECATED. Theshold alarm relies on ceilometer-api and has been deprecated in aodh since Ocata. Use OS::Aodh::GnocchiAggregationByResourcesAlarm instead.
2020-04-05 23:30:32.963 22 WARNING heat.engine.environment [-] OS::Designate::Domain is HIDDEN. Use OS::Designate::Zone instead.
2020-04-05 23:30:32.965 22 WARNING heat.engine.environment [-] OS::Designate::Record is HIDDEN. Use OS::Designate::RecordSet instead.
2020-04-05 23:30:32.966 22 WARNING heat.engine.environment [-] OS::Glance::Image is DEPRECATED. Creating a Glance Image based on an existing URL location requires the Glance v1 API, which is deprecated.
2020-04-05 23:30:32.968 22 WARNING heat.engine.environment [-] OS::Heat::HARestarter is HIDDEN. The HARestarter resource type has been removed. Existing stacks containing HARestarter resources can still be used, but the HARestarter resource will be a placeholder that does nothing.
2020-04-05 23:30:32.970 22 WARNING heat.engine.environment [-] OS::Heat::SoftwareDeployments is HIDDEN. Please use OS::Heat::SoftwareDeploymentGroup instead.
2020-04-05 23:30:32.972 22 WARNING heat.engine.environment [-] OS::Heat::StructuredDeployments is HIDDEN. Please use OS::Heat::StructuredDeploymentGroup instead.
2020-04-05 23:30:32.974 22 WARNING heat.engine.environment [-] OS::Magnum::Bay is DEPRECATED. Please use OS::Magnum::Cluster instead.
2020-04-05 23:30:32.976 22 WARNING heat.engine.environment [-] OS::Magnum::BayModel is DEPRECATED. Please use OS::Magnum::ClusterTemplate instead.
2020-04-05 23:30:32.977 22 WARNING heat.engine.environment [-] OS::Neutron::ExtraRoute is UNSUPPORTED. Use this resource at your own risk.
2020-04-05 23:30:32.980 22 WARNING heat.engine.environment [-] OS::Neutron::Pool is HIDDEN. Use LBaaS V2 instead.
2020-04-05 23:30:32.982 22 WARNING heat.engine.environment [-] OS::Neutron::LoadBalancer is HIDDEN. Use LBaaS V2 instead.
2020-04-05 23:30:32.985 22 WARNING heat.engine.environment [-] OS::Neutron::PoolMember is HIDDEN. Use LBaaS V2 instead.
2020-04-05 23:30:32.987 22 WARNING heat.engine.environment [-] OS::Neutron::HealthMonitor is HIDDEN. Use LBaaS V2 instead.
2020-04-05 23:30:32.989 22 WARNING heat.engine.environment [-] OS::Neutron::RouterGateway is HIDDEN. Use the `external_gateway_info` property in the router resource to set up the gateway.
2020-04-05 23:30:32.991 22 WARNING heat.engine.environment [-] OS::Nova::FloatingIP is DEPRECATED. Please use OS::Neutron::FloatingIP instead.
2020-04-05 23:30:32.992 22 WARNING heat.engine.environment [-] OS::Nova::FloatingIPAssociation is DEPRECATED. Please use OS::Neutron::FloatingIPAssociation instead.
2020-04-05 23:30:32.997 22 INFO heat.engine.environment [-] Loading /etc/heat/environment.d/default.yaml
2020-04-05 23:30:33.005 22 INFO heat.engine.environment [-] Registered: [Plugin](User:False) AWS::EC2::Instance -> <class 'heat.engine.resources.aws.ec2.instance.Instance'>
2020-04-05 23:30:33.006 22 INFO heat.engine.environment [-] Registered: [Plugin](User:False) OS::Heat::AccessPolicy -> <class 'heat.engine.resources.openstack.heat.access_policy.AccessPolicy'>
2020-04-05 23:30:33.009 22 INFO heat.engine.environment [-] Registered: [Plugin](User:False) OS::Heat::ScalingPolicy -> <class 'heat.engine.resources.openstack.heat.scaling_policy.AutoScalingPolicy'>
2020-04-05 23:30:33.011 22 INFO heat.engine.environment [-] Registered: [Plugin](User:False) AWS::CloudFormation::Stack -> <class 'heat.engine.resources.aws.cfn.stack.NestedStack'>
2020-04-05 23:30:33.014 22 INFO heat.engine.environment [-] Registered: [Plugin](User:False) OS::Keystone::Group -> <class 'heat.engine.resources.openstack.keystone.group.KeystoneGroup'>
2020-04-05 23:30:33.015 22 INFO heat.engine.environment [-] Registered: [Plugin](User:False) OS::Glance::Image -> <class 'heat.engine.resources.openstack.glance.image.GlanceImage'>
2020-04-05 23:30:33.016 22 INFO heat.engine.environment [-] Registered: [Plugin](User:False) AWS::EC2::Volume -> <class 'heat.engine.resources.aws.ec2.volume.Volume'>
2020-04-05 23:30:33.018 22 INFO heat.engine.environment [-] Registered: [Plugin](User:False) OS::Keystone::UserRoleAssignment -> <class 'heat.engine.resources.openstack.keystone.role_assignments.KeystoneUserRoleAssignment'>
2020-04-05 23:30:33.019 22 INFO heat.engine.environment [-] Registered: [Plugin](User:False) OS::Neutron::IPsecPolicy -> <class 'heat.engine.resources.openstack.neutron.vpnservice.IPsecPolicy'>
2020-04-05 23:30:33.021 22 INFO heat.engine.environment [-] Registered: [Plugin](User:False) OS::Senlin::Policy -> <class 'heat.engine.resources.openstack.senlin.policy.Policy'>
2020-04-05 23:30:33.022 22 INFO heat.engine.environment [-] Registered: [Plugin](User:False) OS::Heat::SoftwareDeployment -> <class 'heat.engine.resources.openstack.heat.software_deployment.SoftwareDeployment'>
2020-04-05 23:30:33.024 22 INFO heat.engine.environment [-] Registered: [Wildcard Mapping](User:False) OS::Quantum* -> OS::Neutron*
2020-04-05 23:30:33.026 22 INFO heat.engine.environment [-] Registered: [Plugin](User:False) OS::Octavia::Listener -> <class 'heat.engine.resources.openstack.octavia.listener.Listener'>
2020-04-05 23:30:33.027 22 INFO heat.engine.environment [-] Registered: [Plugin](User:False) OS::Barbican::Order -> <class 'heat.engine.resources.openstack.barbican.order.Order'>
2020-04-05 23:30:33.029 22 INFO heat.engine.environment [-] Registered: [Plugin](User:False) OS::Heat::SwiftSignal -> <class 'heat.engine.resources.openstack.heat.swiftsignal.SwiftSignal'>
2020-04-05 23:30:33.030 22 INFO heat.engine.environment [-] Registered: [Plugin](User:False) AWS::AutoScaling::ScalingPolicy -> <class 'heat.engine.resources.aws.autoscaling.scaling_policy.AWSScalingPolicy'>
2020-04-05 23:30:33.032 22 INFO heat.engine.environment [-] Registered: [Plugin](User:False) OS::Cinder::QoSAssociation -> <class 'heat.engine.resources.openstack.cinder.qos_specs.QoSAssociation'>
2020-04-05 23:30:33.033 22 INFO heat.engine.environment [-] Registered: [Plugin](User:False) OS::Zaqar::MistralTrigger -> <class 'heat.engine.resources.openstack.zaqar.subscription.MistralTrigger'>
2020-04-05 23:30:33.035 22 INFO heat.engine.environment [-] Registered: [Plugin](User:False) OS::Neutron::QoSPolicy -> <class 'heat.engine.resources.openstack.neutron.qos.QoSPolicy'>
2020-04-05 23:30:33.036 22 INFO heat.engine.environment [-] Registered: [Plugin](User:False) OS::Neutron::HealthMonitor -> <class 'heat.engine.resources.openstack.neutron.loadbalancer.HealthMonitor'>
2020-04-05 23:30:33.039 22 INFO heat.engine.environment [-] Registered: [Plugin](User:False) AWS::IAM::User -> <class 'heat.engine.resources.aws.iam.user.User'>
2020-04-05 23:30:33.041 22 INFO heat.engine.environment [-] Registered: [Mapping](User:False) OS::Ceilometer::GnocchiAggregationByMetricsAlarm -> OS::Aodh::GnocchiAggregationByMetricsAlarm
2020-04-05 23:30:33.042 22 INFO heat.engine.environment [-] Registered: [Plugin](User:False) OS::Neutron::LoadBalancer -> <class 'heat.engine.resources.openstack.neutron.loadbalancer.LoadBalancer'>
2020-04-05 23:30:33.044 22 INFO heat.engine.environment [-] Registered: [Plugin](User:False) OS::Cinder::QoSSpecs -> <class 'heat.engine.resources.openstack.cinder.qos_specs.QoSSpecs'>
2020-04-05 23:30:33.046 22 INFO heat.engine.environment [-] Registered: [Plugin](User:False) OS::Aodh::GnocchiAggregationByResourcesAlarm -> <class 'heat.engine.resources.openstack.aodh.gnocchi.alarm.AodhGnocchiAggregationByResourcesAlarm'>
2020-04-05 23:30:33.048 22 INFO heat.engine.environment [-] Registered: [Plugin](User:False) AWS::EC2::InternetGateway -> <class 'heat.engine.resources.aws.ec2.internet_gateway.InternetGateway'>
2020-04-05 23:30:33.050 22 INFO heat.engine.environment [-] Registered: [Plugin](User:False) OS::Neutron::FloatingIPAssociation -> <class 'heat.engine.resources.openstack.neutron.floatingip.FloatingIPAssociation'>
2020-04-05 23:30:33.052 22 INFO heat.engine.environment [-] Registered: [Plugin](User:False) OS::Octavia::L7Rule -> <class 'heat.engine.resources.openstack.octavia.l7rule.L7Rule'>
2020-04-05 23:30:33.053 22 INFO heat.engine.environment [-] Registered: [Plugin](User:False) OS::Neutron::FloatingIP -> <class 'heat.engine.resources.openstack.neutron.floatingip.FloatingIP'>
2020-04-05 23:30:33.055 22 INFO heat.engine.environment [-] Registered: [Plugin](User:False) OS::Neutron::Router -> <class 'heat.engine.resources.openstack.neutron.router.Router'>
2020-04-05 23:30:33.056 22 INFO heat.engine.environment [-] Registered: [Plugin](User:False) OS::Neutron::PortPair -> <class 'heat.engine.resources.openstack.neutron.sfc.port_pair.PortPair'>
2020-04-05 23:30:33.058 22 INFO heat.engine.environment [-] Registered: [Plugin](User:False) OS::Heat::SoftwareDeployments -> <class 'heat.engine.resources.openstack.heat.software_deployment.SoftwareDeployments'>
2020-04-05 23:30:33.061 22 INFO heat.engine.environment [-] Registered: [Plugin](User:False) OS::Octavia::L7Policy -> <class 'heat.engine.resources.openstack.octavia.l7policy.L7Policy'>
2020-04-05 23:30:33.064 22 INFO heat.engine.environment [-] Registered: [Plugin](User:False) OS::Neutron::RouterGateway -> <class 'heat.engine.resources.openstack.neutron.router.RouterGateway'>
2020-04-05 23:30:33.067 22 INFO heat.engine.environment [-] Registered: [Plugin](User:False) AWS::EC2::SubnetRouteTableAssociation -> <class 'heat.engine.resources.aws.ec2.route_table.SubnetRouteTableAssociation'>
2020-04-05 23:30:33.068 22 INFO heat.engine.environment [-] Registered: [Plugin](User:False) AWS::EC2::VolumeAttachment -> <class 'heat.engine.resources.aws.ec2.volume.VolumeAttachment'>
2020-04-05 23:30:33.070 22 INFO heat.engine.environment [-] Registered: [Plugin](User:False) OS::Heat::DeployedServer -> <class 'heat.engine.resources.openstack.heat.deployed_server.DeployedServer'>
2020-04-05 23:30:33.072 22 INFO heat.engine.environment [-] Registered: [Plugin](User:False) OS::Neutron::Trunk -> <class 'heat.engine.resources.openstack.neutron.trunk.Trunk'>
2020-04-05 23:30:33.074 22 INFO heat.engine.environment [-] Registered: [Plugin](User:False) AWS::CloudFormation::WaitConditionHandle -> <class 'heat.engine.resources.aws.cfn.wait_condition_handle.WaitConditionHandle'>
2020-04-05 23:30:33.076 22 INFO heat.engine.environment [-] Registered: [Plugin](User:False) OS::Cinder::VolumeAttachment -> <class 'heat.engine.resources.openstack.cinder.volume.CinderVolumeAttachment'>
2020-04-05 23:30:33.078 22 INFO heat.engine.environment [-] Registered: [Plugin](User:False) OS::Neutron::FirewallRule -> <class 'heat.engine.resources.openstack.neutron.firewall.FirewallRule'>
2020-04-05 23:30:33.079 22 INFO heat.engine.environment [-] Registered: [Plugin](User:False) OS::Cinder::EncryptedVolumeType -> <class 'heat.engine.resources.openstack.cinder.encrypted_volume_type.CinderEncryptedVolumeType'>
2020-04-05 23:30:33.081 22 INFO heat.engine.environment [-] Registered: [Plugin](User:False) OS::Heat::AutoScalingGroup -> <class 'heat.engine.resources.openstack.heat.autoscaling_group.AutoScalingResourceGroup'>
2020-04-05 23:30:33.083 22 INFO heat.engine.environment [-] Registered: [Plugin](User:False) OS::Nova::FloatingIP -> <class 'heat.engine.resources.openstack.nova.floatingip.NovaFloatingIp'>
2020-04-05 23:30:33.084 22 INFO heat.engine.environment [-] Registered: [Plugin](User:False) OS::Zun::Container -> <class 'heat.engine.resources.openstack.zun.container.Container'>
2020-04-05 23:30:33.085 22 INFO heat.engine.environment [-] Registered: [Plugin](User:False) OS::Neutron::SubnetPool -> <class 'heat.engine.resources.openstack.neutron.subnetpool.SubnetPool'>
2020-04-05 23:30:33.088 22 INFO heat.engine.environment [-] Registered: [Plugin](User:False) OS::Heat::HARestarter -> <class 'heat.engine.resources.openstack.heat.ha_restarter.Restarter'>
2020-04-05 23:30:33.089 22 INFO heat.engine.environment [-] Registered: [Plugin](User:False) OS::Keystone::Project -> <class 'heat.engine.resources.openstack.keystone.project.KeystoneProject'>
2020-04-05 23:30:33.091 22 INFO heat.engine.environment [-] Registered: [Plugin](User:False) OS::Monasca::Notification -> <class 'heat.engine.resources.openstack.monasca.notification.MonascaNotification'>
2020-04-05 23:30:33.092 22 INFO heat.engine.environment [-] Registered: [Plugin](User:False) OS::Keystone::Endpoint -> <class 'heat.engine.resources.openstack.keystone.endpoint.KeystoneEndpoint'>
2020-04-05 23:30:33.094 22 INFO heat.engine.environment [-] Registered: [Plugin](User:False) OS::Octavia::Pool -> <class 'heat.engine.resources.openstack.octavia.pool.Pool'>
2020-04-05 23:30:33.096 22 INFO heat.engine.environment [-] Registered: [Mapping](User:False) OS::Metering::Alarm -> OS::Aodh::Alarm
2020-04-05 23:30:33.097 22 INFO heat.engine.environment [-] Registered: [Plugin](User:False) OS::Mistral::ExternalResource -> <class 'heat.engine.resources.openstack.mistral.external_resource.MistralExternalResource'>
2020-04-05 23:30:33.099 22 INFO heat.engine.environment [-] Registered: [Mapping](User:False) OS::Ceilometer::CombinationAlarm -> OS::Aodh::CombinationAlarm
2020-04-05 23:30:33.101 22 INFO heat.engine.environment [-] Registered: [Plugin](User:False) OS::Neutron::MeteringLabel -> <class 'heat.engine.resources.openstack.neutron.metering.MeteringLabel'>
2020-04-05 23:30:33.103 22 INFO heat.engine.environment [-] Registered: [Plugin](User:False) OS::Designate::Zone -> <class 'heat.engine.resources.openstack.designate.zone.DesignateZone'>
2020-04-05 23:30:33.106 22 INFO heat.engine.environment [-] Registered: [Plugin](User:False) OS::Magnum::Bay -> <class 'heat.engine.resources.openstack.magnum.bay.Bay'>
2020-04-05 23:30:33.107 22 INFO heat.engine.environment [-] Registered: [Plugin](User:False) OS::Neutron::LBaaS::Listener -> <class 'heat.engine.resources.openstack.neutron.lbaas.listener.Listener'>
2020-04-05 23:30:33.108 22 INFO heat.engine.environment [-] Registered: [Plugin](User:False) OS::Neutron::SecurityGroup -> <class 'heat.engine.resources.openstack.neutron.security_group.SecurityGroup'>
2020-04-05 23:30:33.110 22 INFO heat.engine.environment [-] Registered: [Plugin](User:False) OS::Heat::InstanceGroup -> <class 'heat.engine.resources.openstack.heat.instance_group.InstanceGroup'>
2020-04-05 23:30:33.112 22 INFO heat.engine.environment [-] Registered: [Template](User:False) AWS::CloudWatch::Alarm -> file:///etc/heat/templates/AWS_CloudWatch_Alarm.yaml
2020-04-05 23:30:33.113 22 INFO heat.engine.environment [-] Registered: [Plugin](User:False) AWS::AutoScaling::AutoScalingGroup -> <class 'heat.engine.resources.aws.autoscaling.autoscaling_group.AutoScalingGroup'>
2020-04-05 23:30:33.115 22 INFO heat.engine.environment [-] Registered: [Plugin](User:False) OS::Neutron::FlowClassifier -> <class 'heat.engine.resources.openstack.neutron.sfc.flow_classifier.FlowClassifier'>
2020-04-05 23:30:33.116 22 INFO heat.engine.environment [-] Registered: [Plugin](User:False) OS::Heat::None -> <class 'heat.engine.resources.openstack.heat.none_resource.NoneResource'>
2020-04-05 23:30:33.117 22 INFO heat.engine.environment [-] Registered: [Plugin](User:False) OS::Heat::CloudConfig -> <class 'heat.engine.resources.openstack.heat.cloud_config.CloudConfig'>
2020-04-05 23:30:33.119 22 INFO heat.engine.environment [-] Registered: [Plugin](User:False) OS::Neutron::ExtraRoute -> <class 'heat.engine.resources.openstack.neutron.extraroute.ExtraRoute'>
2020-04-05 23:30:33.120 22 INFO heat.engine.environment [-] Registered: [Plugin](User:False) OS::Neutron::PoolMember -> <class 'heat.engine.resources.openstack.neutron.loadbalancer.PoolMember'>
2020-04-05 23:30:33.121 22 INFO heat.engine.environment [-] Registered: [Plugin](User:False) OS::Sahara::Cluster -> <class 'heat.engine.resources.openstack.sahara.cluster.SaharaCluster'>
2020-04-05 23:30:33.122 22 INFO heat.engine.environment [-] Registered: [Plugin](User:False) OS::Aodh::CompositeAlarm -> <class 'heat.engine.resources.openstack.aodh.composite_alarm.CompositeAlarm'>
2020-04-05 23:30:33.123 22 INFO heat.engine.environment [-] Registered: [Plugin](User:False) OS::Sahara::DataSource -> <class 'heat.engine.resources.openstack.sahara.data_source.DataSource'>
2020-04-05 23:30:33.125 22 INFO heat.engine.environment [-] Registered: [Plugin](User:False) OS::Heat::ResourceChain -> <class 'heat.engine.resources.openstack.heat.resource_chain.ResourceChain'>
2020-04-05 23:30:33.126 22 INFO heat.engine.environment [-] Registered: [Plugin](User:False) OS::Heat::SoftwareComponent -> <class 'heat.engine.resources.openstack.heat.software_component.SoftwareComponent'>
2020-04-05 23:30:33.127 22 INFO heat.engine.environment [-] Registered: [Plugin](User:False) OS::Sahara::NodeGroupTemplate -> <class 'heat.engine.resources.openstack.sahara.templates.SaharaNodeGroupTemplate'>
2020-04-05 23:30:33.128 22 INFO heat.engine.environment [-] Registered: [Plugin](User:False) OS::Neutron::LBaaS::L7Policy -> <class 'heat.engine.resources.openstack.neutron.lbaas.l7policy.L7Policy'>
2020-04-05 23:30:33.129 22 INFO heat.engine.environment [-] Registered: [Plugin](User:False) OS::Neutron::LBaaS::PoolMember -> <class 'heat.engine.resources.openstack.neutron.lbaas.pool_member.PoolMember'>
2020-04-05 23:30:33.130 22 INFO heat.engine.environment [-] Registered: [Plugin](User:False) OS::Manila::ShareNetwork -> <class 'heat.engine.resources.openstack.manila.share_network.ManilaShareNetwork'>
2020-04-05 23:30:33.132 22 INFO heat.engine.environment [-] Registered: [Plugin](User:False) OS::Neutron::IKEPolicy -> <class 'heat.engine.resources.openstack.neutron.vpnservice.IKEPolicy'>
2020-04-05 23:30:33.134 22 INFO heat.engine.environment [-] Registered: [Plugin](User:False) AWS::EC2::VPC -> <class 'heat.engine.resources.aws.ec2.vpc.VPC'>
2020-04-05 23:30:33.135 22 INFO heat.engine.environment [-] Registered: [Plugin](User:False) OS::Heat::StructuredConfig -> <class 'heat.engine.resources.openstack.heat.structured_config.StructuredConfig'>
2020-04-05 23:30:33.136 22 INFO heat.engine.environment [-] Registered: [Plugin](User:False) OS::Barbican::GenericContainer -> <class 'heat.engine.resources.openstack.barbican.container.GenericContainer'>
2020-04-05 23:30:33.137 22 INFO heat.engine.environment [-] Registered: [Plugin](User:False) OS::Sahara::JobBinary -> <class 'heat.engine.resources.openstack.sahara.job_binary.JobBinary'>
2020-04-05 23:30:33.139 22 INFO heat.engine.environment [-] Registered: [Plugin](User:False) OS::Cinder::Volume -> <class 'heat.engine.resources.openstack.cinder.volume.CinderVolume'>
2020-04-05 23:30:33.141 22 INFO heat.engine.environment [-] Registered: [Plugin](User:False) OS::Keystone::Service -> <class 'heat.engine.resources.openstack.keystone.service.KeystoneService'>
2020-04-05 23:30:33.142 22 INFO heat.engine.environment [-] Registered: [Plugin](User:False) OS::Heat::WaitConditionHandle -> <class 'heat.engine.resources.openstack.heat.wait_condition_handle.HeatWaitConditionHandle'>
2020-04-05 23:30:33.143 22 INFO heat.engine.environment [-] Registered: [Plugin](User:False) OS::Sahara::ClusterTemplate -> <class 'heat.engine.resources.openstack.sahara.templates.SaharaClusterTemplate'>
2020-04-05 23:30:33.146 22 INFO heat.engine.environment [-] Registered: [Plugin](User:False) OS::Heat::SoftwareConfig -> <class 'heat.engine.resources.openstack.heat.software_config.SoftwareConfig'>
2020-04-05 23:30:33.147 22 INFO heat.engine.environment [-] Registered: [Plugin](User:False) OS::Heat::TestResource -> <class 'heat.engine.resources.openstack.heat.test_resource.TestResource'>
2020-04-05 23:30:33.148 22 INFO heat.engine.environment [-] Registered: [Plugin](User:False) AWS::EC2::VPCGatewayAttachment -> <class 'heat.engine.resources.aws.ec2.internet_gateway.VPCGatewayAttachment'>
2020-04-05 23:30:33.149 22 INFO heat.engine.environment [-] Registered: [Plugin](User:False) AWS::CloudFormation::WaitCondition -> <class 'heat.engine.resources.aws.cfn.wait_condition.WaitCondition'>
2020-04-05 23:30:33.150 22 INFO heat.engine.environment [-] Registered: [Plugin](User:False) OS::Manila::ShareType -> <class 'heat.engine.resources.openstack.manila.share_type.ManilaShareType'>
2020-04-05 23:30:33.152 22 INFO heat.engine.environment [-] Registered: [Plugin](User:False) AWS::S3::Bucket -> <class 'heat.engine.resources.aws.s3.s3.S3Bucket'>
2020-04-05 23:30:33.153 22 INFO heat.engine.environment [-] Registered: [Plugin](User:False) OS::Designate::Record -> <class 'heat.engine.resources.openstack.designate.record.DesignateRecord'>
2020-04-05 23:30:33.155 22 INFO heat.engine.environment [-] Registered: [Plugin](User:False) OS::Neutron::FirewallPolicy -> <class 'heat.engine.resources.openstack.neutron.firewall.FirewallPolicy'>
2020-04-05 23:30:33.156 22 INFO heat.engine.environment [-] Registered: [Plugin](User:False) AWS::EC2::RouteTable -> <class 'heat.engine.resources.aws.ec2.route_table.RouteTable'>
2020-04-05 23:30:33.158 22 INFO heat.engine.environment [-] Registered: [Plugin](User:False) OS::Magnum::ClusterTemplate -> <class 'heat.engine.resources.openstack.magnum.cluster_template.ClusterTemplate'>
2020-04-05 23:30:33.159 22 INFO heat.engine.environment [-] Registered: [Plugin](User:False) OS::Heat::StructuredDeploymentGroup -> <class 'heat.engine.resources.openstack.heat.structured_config.StructuredDeploymentGroup'>
2020-04-05 23:30:33.160 22 INFO heat.engine.environment [-] Registered: [Plugin](User:False) OS::Aodh::GnocchiAggregationByMetricsAlarm -> <class 'heat.engine.resources.openstack.aodh.gnocchi.alarm.AodhGnocchiAggregationByMetricsAlarm'>
2020-04-05 23:30:33.161 22 INFO heat.engine.environment [-] Registered: [Plugin](User:False) OS::Heat::SwiftSignalHandle -> <class 'heat.engine.resources.openstack.heat.swiftsignal.SwiftSignalHandle'>
2020-04-05 23:30:33.162 22 INFO heat.engine.environment [-] Registered: [Plugin](User:False) OS::Neutron::Port -> <class 'heat.engine.resources.openstack.neutron.port.Port'>
2020-04-05 23:30:33.163 22 INFO heat.engine.environment [-] Registered: [Plugin](User:False) OS::Heat::RandomString -> <class 'heat.engine.resources.openstack.heat.random_string.RandomString'>
2020-04-05 23:30:33.165 22 INFO heat.engine.environment [-] Registered: [Plugin](User:False) OS::Heat::SoftwareDeploymentGroup -> <class 'heat.engine.resources.openstack.heat.software_deployment.SoftwareDeploymentGroup'>
2020-04-05 23:30:33.166 22 INFO heat.engine.environment [-] Registered: [Plugin](User:False) OS::Trove::Cluster -> <class 'heat.engine.resources.openstack.trove.cluster.TroveCluster'>
2020-04-05 23:30:33.167 22 INFO heat.engine.environment [-] Registered: [Plugin](User:False) AWS::EC2::Subnet -> <class 'heat.engine.resources.aws.ec2.subnet.Subnet'>
2020-04-05 23:30:33.169 22 INFO heat.engine.environment [-] Registered: [Plugin](User:False) OS::Trove::Instance -> <class 'heat.engine.resources.openstack.trove.instance.Instance'>
2020-04-05 23:30:33.170 22 INFO heat.engine.environment [-] Registered: [Plugin](User:False) OS::Neutron::SecurityGroupRule -> <class 'heat.engine.resources.openstack.neutron.security_group_rule.SecurityGroupRule'>
2020-04-05 23:30:33.171 22 INFO heat.engine.environment [-] Registered: [Plugin](User:False) OS::Neutron::ProviderNet -> <class 'heat.engine.resources.openstack.neutron.provider_net.ProviderNet'>
2020-04-05 23:30:33.172 22 INFO heat.engine.environment [-] Registered: [Plugin](User:False) OS::Heat::MultipartMime -> <class 'heat.engine.resources.openstack.heat.multi_part.MultipartMime'>
2020-04-05 23:30:33.174 22 INFO heat.engine.environment [-] Registered: [Plugin](User:False) OS::Heat::UpdateWaitConditionHandle -> <class 'heat.engine.resources.openstack.heat.wait_condition_handle.UpdateWaitConditionHandle'>
2020-04-05 23:30:33.175 22 INFO heat.engine.environment [-] Registered: [Plugin](User:False) OS::Neutron::Quota -> <class 'heat.engine.resources.openstack.neutron.quota.NeutronQuota'>
2020-04-05 23:30:33.176 22 INFO heat.engine.environment [-] Registered: [Plugin](User:False) OS::Octavia::PoolMember -> <class 'heat.engine.resources.openstack.octavia.pool_member.PoolMember'>
2020-04-05 23:30:33.178 22 INFO heat.engine.environment [-] Registered: [Plugin](User:False) OS::Nova::Server -> <class 'heat.engine.resources.openstack.nova.server.Server'>
2020-04-05 23:30:33.179 22 INFO heat.engine.environment [-] Registered: [Plugin](User:False) OS::Magnum::BayModel -> <class 'heat.engine.resources.openstack.magnum.baymodel.BayModel'>
2020-04-05 23:30:33.181 22 INFO heat.engine.environment [-] Registered: [Plugin](User:False) OS::Barbican::Secret -> <class 'heat.engine.resources.openstack.barbican.secret.Secret'>
2020-04-05 23:30:33.182 22 INFO heat.engine.environment [-] Registered: [Plugin](User:False) OS::Neutron::LBaaS::L7Rule -> <class 'heat.engine.resources.openstack.neutron.lbaas.l7rule.L7Rule'>
2020-04-05 23:30:33.183 22 INFO heat.engine.environment [-] Registered: [Plugin](User:False) AWS::IAM::AccessKey -> <class 'heat.engine.resources.aws.iam.user.AccessKey'>
2020-04-05 23:30:33.185 22 INFO heat.engine.environment [-] Registered: [Plugin](User:False) OS::Zaqar::Subscription -> <class 'heat.engine.resources.openstack.zaqar.subscription.ZaqarSubscription'>
2020-04-05 23:30:33.187 22 INFO heat.engine.environment [-] Registered: [Mapping](User:False) OS::Ceilometer::Alarm -> OS::Aodh::Alarm
2020-04-05 23:30:33.189 22 INFO heat.engine.environment [-] Registered: [Plugin](User:False) AWS::EC2::SecurityGroup -> <class 'heat.engine.resources.aws.ec2.security_group.SecurityGroup'>
2020-04-05 23:30:33.190 22 INFO heat.engine.environment [-] Registered: [Plugin](User:False) OS::Neutron::Net -> <class 'heat.engine.resources.openstack.neutron.net.Net'>
2020-04-05 23:30:33.192 22 INFO heat.engine.environment [-] Registered: [Plugin](User:False) OS::Nova::Quota -> <class 'heat.engine.resources.openstack.nova.quota.NovaQuota'>
2020-04-05 23:30:33.193 22 INFO heat.engine.environment [-] Registered: [Plugin](User:False) OS::Cinder::Quota -> <class 'heat.engine.resources.openstack.cinder.quota.CinderQuota'>
2020-04-05 23:30:33.194 22 INFO heat.engine.environment [-] Registered: [Plugin](User:False) OS::Manila::Share -> <class 'heat.engine.resources.openstack.manila.share.ManilaShare'>
2020-04-05 23:30:33.195 22 INFO heat.engine.environment [-] Registered: [Plugin](User:False) OS::Zaqar::SignedQueueURL -> <class 'heat.engine.resources.openstack.zaqar.queue.ZaqarSignedQueueURL'>
2020-04-05 23:30:33.196 22 INFO heat.engine.environment [-] Registered: [Plugin](User:False) OS::Neutron::LBaaS::LoadBalancer -> <class 'heat.engine.resources.openstack.neutron.lbaas.loadbalancer.LoadBalancer'>
2020-04-05 23:30:33.197 22 INFO heat.engine.environment [-] Registered: [Plugin](User:False) AWS::EC2::EIPAssociation -> <class 'heat.engine.resources.aws.ec2.eip.ElasticIpAssociation'>
2020-04-05 23:30:33.198 22 INFO heat.engine.environment [-] Registered: [Plugin](User:False) OS::Neutron::Segment -> <class 'heat.engine.resources.openstack.neutron.segment.Segment'>
2020-04-05 23:30:33.199 22 INFO heat.engine.environment [-] Registered: [Plugin](User:False) OS::Heat::Value -> <class 'heat.engine.resources.openstack.heat.value.Value'>
2020-04-05 23:30:33.201 22 INFO heat.engine.environment [-] Registered: [Plugin](User:False) OS::Senlin::Node -> <class 'heat.engine.resources.openstack.senlin.node.Node'>
2020-04-05 23:30:33.202 22 INFO heat.engine.environment [-] Registered: [Plugin](User:False) OS::Neutron::Firewall -> <class 'heat.engine.resources.openstack.neutron.firewall.Firewall'>
2020-04-05 23:30:33.204 22 INFO heat.engine.environment [-] Registered: [Plugin](User:False) AWS::EC2::EIP -> <class 'heat.engine.resources.aws.ec2.eip.ElasticIp'>
2020-04-05 23:30:33.205 22 INFO heat.engine.environment [-] Registered: [Plugin](User:False) OS::Monasca::AlarmDefinition -> <class 'heat.engine.resources.openstack.monasca.alarm_definition.MonascaAlarmDefinition'>
2020-04-05 23:30:33.206 22 INFO heat.engine.environment [-] Registered: [Plugin](User:False) OS::Neutron::LBaaS::HealthMonitor -> <class 'heat.engine.resources.openstack.neutron.lbaas.health_monitor.HealthMonitor'>
2020-04-05 23:30:33.208 22 INFO heat.engine.environment [-] Registered: [Plugin](User:False) AWS::EC2::NetworkInterface -> <class 'heat.engine.resources.aws.ec2.network_interface.NetworkInterface'>
2020-04-05 23:30:33.209 22 INFO heat.engine.environment [-] Registered: [Mapping](User:False) OS::Ceilometer::GnocchiAggregationByResourcesAlarm -> OS::Aodh::GnocchiAggregationByResourcesAlarm
2020-04-05 23:30:33.211 22 INFO heat.engine.environment [-] Registered: [Plugin](User:False) OS::Keystone::Region -> <class 'heat.engine.resources.openstack.keystone.region.KeystoneRegion'>
2020-04-05 23:30:33.212 22 INFO heat.engine.environment [-] Registered: [Plugin](User:False) OS::Heat::WaitCondition -> <class 'heat.engine.resources.openstack.heat.wait_condition.HeatWaitCondition'>
2020-04-05 23:30:33.214 22 INFO heat.engine.environment [-] Registered: [Plugin](User:False) OS::Heat::StructuredDeployment -> <class 'heat.engine.resources.openstack.heat.structured_config.StructuredDeployment'>
2020-04-05 23:30:33.216 22 INFO heat.engine.environment [-] Registered: [Template](User:False) AWS::RDS::DBInstance -> file:///etc/heat/templates/AWS_RDS_DBInstance.yaml
2020-04-05 23:30:33.217 22 INFO heat.engine.environment [-] Registered: [Plugin](User:False) OS::Neutron::MeteringRule -> <class 'heat.engine.resources.openstack.neutron.metering.MeteringRule'>
2020-04-05 23:30:33.219 22 INFO heat.engine.environment [-] Registered: [Plugin](User:False) OS::Barbican::RSAContainer -> <class 'heat.engine.resources.openstack.barbican.container.RSAContainer'>
2020-04-05 23:30:33.220 22 INFO heat.engine.environment [-] Registered: [Plugin](User:False) OS::Swift::Container -> <class 'heat.engine.resources.openstack.swift.container.SwiftContainer'>
2020-04-05 23:30:33.221 22 INFO heat.engine.environment [-] Registered: [Plugin](User:False) OS::Neutron::Pool -> <class 'heat.engine.resources.openstack.neutron.loadbalancer.Pool'>
