2020-04-05 22:46:49.503 33 DEBUG oslo_service.service [req-9017587d-da3b-4368-a160-edc33d36ad01 - - - - -] cells.enable                   = False log_opt_values /usr/lib/python2.7/dist-packages/oslo_config/cfg.py:2898
2020-04-05 22:46:49.504 33 DEBUG oslo_service.service [req-9017587d-da3b-4368-a160-edc33d36ad01 - - - - -] cells.instance_update_num_instances = 1 log_opt_values /usr/lib/python2.7/dist-packages/oslo_config/cfg.py:2898
2020-04-05 22:46:49.506 33 DEBUG oslo_service.service [req-9017587d-da3b-4368-a160-edc33d36ad01 - - - - -] cells.instance_update_sync_database_limit = 100 log_opt_values /usr/lib/python2.7/dist-packages/oslo_config/cfg.py:2898
2020-04-05 22:46:49.507 33 DEBUG oslo_service.service [req-9017587d-da3b-4368-a160-edc33d36ad01 - - - - -] cells.instance_updated_at_threshold = 3600 log_opt_values /usr/lib/python2.7/dist-packages/oslo_config/cfg.py:2898
2020-04-05 22:46:49.508 33 DEBUG oslo_service.service [req-9017587d-da3b-4368-a160-edc33d36ad01 - - - - -] cells.max_hop_count            = 10 log_opt_values /usr/lib/python2.7/dist-packages/oslo_config/cfg.py:2898
2020-04-05 22:46:49.510 33 DEBUG oslo_service.service [req-9017587d-da3b-4368-a160-edc33d36ad01 - - - - -] cells.mute_child_interval      = 300 log_opt_values /usr/lib/python2.7/dist-packages/oslo_config/cfg.py:2898
2020-04-05 22:46:49.511 33 DEBUG oslo_service.service [req-9017587d-da3b-4368-a160-edc33d36ad01 - - - - -] cells.mute_weight_multiplier   = -10000.0 log_opt_values /usr/lib/python2.7/dist-packages/oslo_config/cfg.py:2898
2020-04-05 22:46:49.513 33 DEBUG oslo_service.service [req-9017587d-da3b-4368-a160-edc33d36ad01 - - - - -] cells.name                     = nova log_opt_values /usr/lib/python2.7/dist-packages/oslo_config/cfg.py:2898
2020-04-05 22:46:49.514 33 DEBUG oslo_service.service [req-9017587d-da3b-4368-a160-edc33d36ad01 - - - - -] cells.offset_weight_multiplier = 1.0 log_opt_values /usr/lib/python2.7/dist-packages/oslo_config/cfg.py:2898
2020-04-05 22:46:49.516 33 DEBUG oslo_service.service [req-9017587d-da3b-4368-a160-edc33d36ad01 - - - - -] cells.ram_weight_multiplier    = 10.0 log_opt_values /usr/lib/python2.7/dist-packages/oslo_config/cfg.py:2898
2020-04-05 22:46:49.517 33 DEBUG oslo_service.service [req-9017587d-da3b-4368-a160-edc33d36ad01 - - - - -] cells.reserve_percent          = 10.0 log_opt_values /usr/lib/python2.7/dist-packages/oslo_config/cfg.py:2898
2020-04-05 22:46:49.518 33 DEBUG oslo_service.service [req-9017587d-da3b-4368-a160-edc33d36ad01 - - - - -] cells.rpc_driver_queue_base    = cells.intercell log_opt_values /usr/lib/python2.7/dist-packages/oslo_config/cfg.py:2898
2020-04-05 22:46:49.520 33 DEBUG oslo_service.service [req-9017587d-da3b-4368-a160-edc33d36ad01 - - - - -] cells.scheduler                = nova.cells.scheduler.CellsScheduler log_opt_values /usr/lib/python2.7/dist-packages/oslo_config/cfg.py:2898
2020-04-05 22:46:49.522 33 DEBUG oslo_service.service [req-9017587d-da3b-4368-a160-edc33d36ad01 - - - - -] cells.scheduler_filter_classes = ['nova.cells.filters.all_filters'] log_opt_values /usr/lib/python2.7/dist-packages/oslo_config/cfg.py:2898
2020-04-05 22:46:49.523 33 DEBUG oslo_service.service [req-9017587d-da3b-4368-a160-edc33d36ad01 - - - - -] cells.scheduler_retries        = 10 log_opt_values /usr/lib/python2.7/dist-packages/oslo_config/cfg.py:2898
2020-04-05 22:46:49.524 33 DEBUG oslo_service.service [req-9017587d-da3b-4368-a160-edc33d36ad01 - - - - -] cells.scheduler_retry_delay    = 2 log_opt_values /usr/lib/python2.7/dist-packages/oslo_config/cfg.py:2898
2020-04-05 22:46:49.525 33 DEBUG oslo_service.service [req-9017587d-da3b-4368-a160-edc33d36ad01 - - - - -] cells.scheduler_weight_classes = ['nova.cells.weights.all_weighers'] log_opt_values /usr/lib/python2.7/dist-packages/oslo_config/cfg.py:2898
2020-04-05 22:46:49.527 33 DEBUG oslo_service.service [req-9017587d-da3b-4368-a160-edc33d36ad01 - - - - -] oslo_middleware.enable_proxy_headers_parsing = False log_opt_values /usr/lib/python2.7/dist-packages/oslo_config/cfg.py:2898
2020-04-05 22:46:49.528 33 DEBUG oslo_service.service [req-9017587d-da3b-4368-a160-edc33d36ad01 - - - - -] oslo_middleware.max_request_body_size = 114688 log_opt_values /usr/lib/python2.7/dist-packages/oslo_config/cfg.py:2898
2020-04-05 22:46:49.529 33 DEBUG oslo_service.service [req-9017587d-da3b-4368-a160-edc33d36ad01 - - - - -] api_database.connection        = **** log_opt_values /usr/lib/python2.7/dist-packages/oslo_config/cfg.py:2898
2020-04-05 22:46:49.531 33 DEBUG oslo_service.service [req-9017587d-da3b-4368-a160-edc33d36ad01 - - - - -] api_database.connection_debug  = 0 log_opt_values /usr/lib/python2.7/dist-packages/oslo_config/cfg.py:2898
2020-04-05 22:46:49.532 33 DEBUG oslo_service.service [req-9017587d-da3b-4368-a160-edc33d36ad01 - - - - -] api_database.connection_recycle_time = 3600 log_opt_values /usr/lib/python2.7/dist-packages/oslo_config/cfg.py:2898
2020-04-05 22:46:49.533 33 DEBUG oslo_service.service [req-9017587d-da3b-4368-a160-edc33d36ad01 - - - - -] api_database.connection_trace  = False log_opt_values /usr/lib/python2.7/dist-packages/oslo_config/cfg.py:2898
2020-04-05 22:46:49.534 33 DEBUG oslo_service.service [req-9017587d-da3b-4368-a160-edc33d36ad01 - - - - -] api_database.max_overflow      = None log_opt_values /usr/lib/python2.7/dist-packages/oslo_config/cfg.py:2898
2020-04-05 22:46:49.536 33 DEBUG oslo_service.service [req-9017587d-da3b-4368-a160-edc33d36ad01 - - - - -] api_database.max_pool_size     = None log_opt_values /usr/lib/python2.7/dist-packages/oslo_config/cfg.py:2898
2020-04-05 22:46:49.537 33 DEBUG oslo_service.service [req-9017587d-da3b-4368-a160-edc33d36ad01 - - - - -] api_database.max_retries       = 10 log_opt_values /usr/lib/python2.7/dist-packages/oslo_config/cfg.py:2898
2020-04-05 22:46:49.538 33 DEBUG oslo_service.service [req-9017587d-da3b-4368-a160-edc33d36ad01 - - - - -] api_database.mysql_sql_mode    = TRADITIONAL log_opt_values /usr/lib/python2.7/dist-packages/oslo_config/cfg.py:2898
2020-04-05 22:46:49.540 33 DEBUG oslo_service.service [req-9017587d-da3b-4368-a160-edc33d36ad01 - - - - -] api_database.pool_timeout      = None log_opt_values /usr/lib/python2.7/dist-packages/oslo_config/cfg.py:2898
2020-04-05 22:46:49.541 33 DEBUG oslo_service.service [req-9017587d-da3b-4368-a160-edc33d36ad01 - - - - -] api_database.retry_interval    = 10 log_opt_values /usr/lib/python2.7/dist-packages/oslo_config/cfg.py:2898
2020-04-05 22:46:49.542 33 DEBUG oslo_service.service [req-9017587d-da3b-4368-a160-edc33d36ad01 - - - - -] api_database.slave_connection  = **** log_opt_values /usr/lib/python2.7/dist-packages/oslo_config/cfg.py:2898
2020-04-05 22:46:49.544 33 DEBUG oslo_service.service [req-9017587d-da3b-4368-a160-edc33d36ad01 - - - - -] api_database.sqlite_synchronous = True log_opt_values /usr/lib/python2.7/dist-packages/oslo_config/cfg.py:2898
2020-04-05 22:46:49.546 33 DEBUG oslo_service.service [req-9017587d-da3b-4368-a160-edc33d36ad01 - - - - -] crypto.ca_file                 = cacert.pem log_opt_values /usr/lib/python2.7/dist-packages/oslo_config/cfg.py:2898
2020-04-05 22:46:49.547 33 DEBUG oslo_service.service [req-9017587d-da3b-4368-a160-edc33d36ad01 - - - - -] crypto.ca_path                 = /var/lib/nova/CA log_opt_values /usr/lib/python2.7/dist-packages/oslo_config/cfg.py:2898
2020-04-05 22:46:49.549 33 DEBUG oslo_service.service [req-9017587d-da3b-4368-a160-edc33d36ad01 - - - - -] crypto.crl_file                = crl.pem log_opt_values /usr/lib/python2.7/dist-packages/oslo_config/cfg.py:2898
2020-04-05 22:46:49.550 33 DEBUG oslo_service.service [req-9017587d-da3b-4368-a160-edc33d36ad01 - - - - -] crypto.key_file                = private/cakey.pem log_opt_values /usr/lib/python2.7/dist-packages/oslo_config/cfg.py:2898
2020-04-05 22:46:49.552 33 DEBUG oslo_service.service [req-9017587d-da3b-4368-a160-edc33d36ad01 - - - - -] crypto.keys_path               = /var/lib/nova/keys log_opt_values /usr/lib/python2.7/dist-packages/oslo_config/cfg.py:2898
2020-04-05 22:46:49.554 33 DEBUG oslo_service.service [req-9017587d-da3b-4368-a160-edc33d36ad01 - - - - -] crypto.project_cert_subject    = /C=US/ST=California/O=OpenStack/OU=NovaDev/CN=project-ca-%.16s-%s log_opt_values /usr/lib/python2.7/dist-packages/oslo_config/cfg.py:2898
2020-04-05 22:46:49.558 33 DEBUG oslo_service.service [req-9017587d-da3b-4368-a160-edc33d36ad01 - - - - -] crypto.use_project_ca          = False log_opt_values /usr/lib/python2.7/dist-packages/oslo_config/cfg.py:2898
2020-04-05 22:46:49.559 33 DEBUG oslo_service.service [req-9017587d-da3b-4368-a160-edc33d36ad01 - - - - -] crypto.user_cert_subject       = /C=US/ST=California/O=OpenStack/OU=NovaDev/CN=%.16s-%.16s-%s log_opt_values /usr/lib/python2.7/dist-packages/oslo_config/cfg.py:2898
2020-04-05 22:46:49.561 33 DEBUG oslo_service.service [req-9017587d-da3b-4368-a160-edc33d36ad01 - - - - -] devices.enabled_vgpu_types     = [] log_opt_values /usr/lib/python2.7/dist-packages/oslo_config/cfg.py:2898
2020-04-05 22:46:49.565 33 DEBUG oslo_service.service [req-9017587d-da3b-4368-a160-edc33d36ad01 - - - - -] profiler.connection_string     = messaging:// log_opt_values /usr/lib/python2.7/dist-packages/oslo_config/cfg.py:2898
2020-04-05 22:46:49.567 33 DEBUG oslo_service.service [req-9017587d-da3b-4368-a160-edc33d36ad01 - - - - -] profiler.enabled               = False log_opt_values /usr/lib/python2.7/dist-packages/oslo_config/cfg.py:2898
2020-04-05 22:46:49.569 33 DEBUG oslo_service.service [req-9017587d-da3b-4368-a160-edc33d36ad01 - - - - -] profiler.es_doc_type           = notification log_opt_values /usr/lib/python2.7/dist-packages/oslo_config/cfg.py:2898
2020-04-05 22:46:49.570 33 DEBUG oslo_service.service [req-9017587d-da3b-4368-a160-edc33d36ad01 - - - - -] profiler.es_scroll_size        = 10000 log_opt_values /usr/lib/python2.7/dist-packages/oslo_config/cfg.py:2898
2020-04-05 22:46:49.571 33 DEBUG oslo_service.service [req-9017587d-da3b-4368-a160-edc33d36ad01 - - - - -] profiler.es_scroll_time        = 2m log_opt_values /usr/lib/python2.7/dist-packages/oslo_config/cfg.py:2898
2020-04-05 22:46:49.573 33 DEBUG oslo_service.service [req-9017587d-da3b-4368-a160-edc33d36ad01 - - - - -] profiler.hmac_keys             = SECRET_KEY log_opt_values /usr/lib/python2.7/dist-packages/oslo_config/cfg.py:2898
2020-04-05 22:46:49.575 33 DEBUG oslo_service.service [req-9017587d-da3b-4368-a160-edc33d36ad01 - - - - -] profiler.sentinel_service_name = mymaster log_opt_values /usr/lib/python2.7/dist-packages/oslo_config/cfg.py:2898
2020-04-05 22:46:49.577 33 DEBUG oslo_service.service [req-9017587d-da3b-4368-a160-edc33d36ad01 - - - - -] profiler.socket_timeout        = 0.1 log_opt_values /usr/lib/python2.7/dist-packages/oslo_config/cfg.py:2898
2020-04-05 22:46:49.578 33 DEBUG oslo_service.service [req-9017587d-da3b-4368-a160-edc33d36ad01 - - - - -] profiler.trace_sqlalchemy      = False log_opt_values /usr/lib/python2.7/dist-packages/oslo_config/cfg.py:2898
2020-04-05 22:46:49.580 33 DEBUG oslo_service.service [req-9017587d-da3b-4368-a160-edc33d36ad01 - - - - -] cinder.auth_section            = None log_opt_values /usr/lib/python2.7/dist-packages/oslo_config/cfg.py:2898
2020-04-05 22:46:49.582 33 DEBUG oslo_service.service [req-9017587d-da3b-4368-a160-edc33d36ad01 - - - - -] cinder.auth_type               = None log_opt_values /usr/lib/python2.7/dist-packages/oslo_config/cfg.py:2898
2020-04-05 22:46:49.583 33 DEBUG oslo_service.service [req-9017587d-da3b-4368-a160-edc33d36ad01 - - - - -] cinder.cafile                  = None log_opt_values /usr/lib/python2.7/dist-packages/oslo_config/cfg.py:2898
2020-04-05 22:46:49.585 33 DEBUG oslo_service.service [req-9017587d-da3b-4368-a160-edc33d36ad01 - - - - -] cinder.catalog_info            = volumev3:cinderv3:publicURL log_opt_values /usr/lib/python2.7/dist-packages/oslo_config/cfg.py:2898
2020-04-05 22:46:49.586 33 DEBUG oslo_service.service [req-9017587d-da3b-4368-a160-edc33d36ad01 - - - - -] cinder.certfile                = None log_opt_values /usr/lib/python2.7/dist-packages/oslo_config/cfg.py:2898
2020-04-05 22:46:49.587 33 DEBUG oslo_service.service [req-9017587d-da3b-4368-a160-edc33d36ad01 - - - - -] cinder.cross_az_attach         = True log_opt_values /usr/lib/python2.7/dist-packages/oslo_config/cfg.py:2898
2020-04-05 22:46:49.589 33 DEBUG oslo_service.service [req-9017587d-da3b-4368-a160-edc33d36ad01 - - - - -] cinder.endpoint_template       = None log_opt_values /usr/lib/python2.7/dist-packages/oslo_config/cfg.py:2898
2020-04-05 22:46:49.590 33 DEBUG oslo_service.service [req-9017587d-da3b-4368-a160-edc33d36ad01 - - - - -] cinder.http_retries            = 3 log_opt_values /usr/lib/python2.7/dist-packages/oslo_config/cfg.py:2898
2020-04-05 22:46:49.592 33 DEBUG oslo_service.service [req-9017587d-da3b-4368-a160-edc33d36ad01 - - - - -] cinder.insecure                = False log_opt_values /usr/lib/python2.7/dist-packages/oslo_config/cfg.py:2898
2020-04-05 22:46:49.594 33 DEBUG oslo_service.service [req-9017587d-da3b-4368-a160-edc33d36ad01 - - - - -] cinder.keyfile                 = None log_opt_values /usr/lib/python2.7/dist-packages/oslo_config/cfg.py:2898
2020-04-05 22:46:49.596 33 DEBUG oslo_service.service [req-9017587d-da3b-4368-a160-edc33d36ad01 - - - - -] cinder.os_region_name          = None log_opt_values /usr/lib/python2.7/dist-packages/oslo_config/cfg.py:2898
2020-04-05 22:46:49.597 33 DEBUG oslo_service.service [req-9017587d-da3b-4368-a160-edc33d36ad01 - - - - -] cinder.timeout                 = None log_opt_values /usr/lib/python2.7/dist-packages/oslo_config/cfg.py:2898
2020-04-05 22:46:49.599 33 DEBUG oslo_service.service [req-9017587d-da3b-4368-a160-edc33d36ad01 - - - - -] upgrade_levels.baseapi         = None log_opt_values /usr/lib/python2.7/dist-packages/oslo_config/cfg.py:2898
2020-04-05 22:46:49.600 33 DEBUG oslo_service.service [req-9017587d-da3b-4368-a160-edc33d36ad01 - - - - -] upgrade_levels.cells           = None log_opt_values /usr/lib/python2.7/dist-packages/oslo_config/cfg.py:2898
2020-04-05 22:46:49.602 33 DEBUG oslo_service.service [req-9017587d-da3b-4368-a160-edc33d36ad01 - - - - -] upgrade_levels.cert            = None log_opt_values /usr/lib/python2.7/dist-packages/oslo_config/cfg.py:2898
2020-04-05 22:46:49.604 33 DEBUG oslo_service.service [req-9017587d-da3b-4368-a160-edc33d36ad01 - - - - -] upgrade_levels.compute         = None log_opt_values /usr/lib/python2.7/dist-packages/oslo_config/cfg.py:2898
2020-04-05 22:46:49.605 33 DEBUG oslo_service.service [req-9017587d-da3b-4368-a160-edc33d36ad01 - - - - -] upgrade_levels.conductor       = None log_opt_values /usr/lib/python2.7/dist-packages/oslo_config/cfg.py:2898
2020-04-05 22:46:49.607 33 DEBUG oslo_service.service [req-9017587d-da3b-4368-a160-edc33d36ad01 - - - - -] upgrade_levels.console         = None log_opt_values /usr/lib/python2.7/dist-packages/oslo_config/cfg.py:2898
2020-04-05 22:46:49.609 33 DEBUG oslo_service.service [req-9017587d-da3b-4368-a160-edc33d36ad01 - - - - -] upgrade_levels.consoleauth     = None log_opt_values /usr/lib/python2.7/dist-packages/oslo_config/cfg.py:2898
2020-04-05 22:46:49.610 33 DEBUG oslo_service.service [req-9017587d-da3b-4368-a160-edc33d36ad01 - - - - -] upgrade_levels.intercell       = None log_opt_values /usr/lib/python2.7/dist-packages/oslo_config/cfg.py:2898
2020-04-05 22:46:49.612 33 DEBUG oslo_service.service [req-9017587d-da3b-4368-a160-edc33d36ad01 - - - - -] upgrade_levels.network         = None log_opt_values /usr/lib/python2.7/dist-packages/oslo_config/cfg.py:2898
2020-04-05 22:46:49.613 33 DEBUG oslo_service.service [req-9017587d-da3b-4368-a160-edc33d36ad01 - - - - -] upgrade_levels.scheduler       = None log_opt_values /usr/lib/python2.7/dist-packages/oslo_config/cfg.py:2898
2020-04-05 22:46:49.616 33 DEBUG oslo_service.service [req-9017587d-da3b-4368-a160-edc33d36ad01 - - - - -] key_manager.backend            = barbican log_opt_values /usr/lib/python2.7/dist-packages/oslo_config/cfg.py:2898
2020-04-05 22:46:49.618 33 DEBUG oslo_service.service [req-9017587d-da3b-4368-a160-edc33d36ad01 - - - - -] key_manager.fixed_key          = **** log_opt_values /usr/lib/python2.7/dist-packages/oslo_config/cfg.py:2898
2020-04-05 22:46:49.619 33 DEBUG oslo_service.service [req-9017587d-da3b-4368-a160-edc33d36ad01 - - - - -] osapi_v21.project_id_regex     = None log_opt_values /usr/lib/python2.7/dist-packages/oslo_config/cfg.py:2898
2020-04-05 22:46:49.621 33 DEBUG oslo_service.service [req-9017587d-da3b-4368-a160-edc33d36ad01 - - - - -] ******************************************************************************** log_opt_values /usr/lib/python2.7/dist-packages/oslo_config/cfg.py:2900
2020-04-05 22:46:55.943 83 DEBUG nova.osapi_compute.wsgi.server [req-afb71584-cff2-4011-a3f5-8d8f3b9e0f22 - - - - -] (83) accepted ('172.18.0.7', 56790) server /usr/lib/python2.7/dist-packages/eventlet/wsgi.py:867
2020-04-05 22:46:55.955 83 WARNING keystonemiddleware.auth_token [-] Using the in-process token cache is deprecated as of the 4.2.0 release and may be removed in the 5.0.0 release or the 'O' development cycle. The in-process cache causes inconsistent results and high memory usage. When the feature is removed the auth_token middleware will not cache tokens by default which may result in performance issues. It is recommended to use  memcache for the auth_token token cache by setting the memcached_servers option.
2020-04-05 22:46:56.891 83 WARNING oslo_config.cfg [-] Option "use_forwarded_for" from group "DEFAULT" is deprecated. Use option "use_forwarded_for" from group "api".
2020-04-05 22:46:57.085 83 DEBUG nova.api.openstack.wsgi [req-5fa8251d-1961-49f7-8997-a2989214eebe aa5f9d550186456299ab6f6eb885b21e 73b52675c7184bf199b91c61112fa95a - 74fdda11e8624f2cb93ab859cd9b51c1 74fdda11e8624f2cb93ab859cd9b51c1] Action: 'create', calling method: <bound method FlavorManageController._create of <nova.api.openstack.compute.flavor_manage.FlavorManageController object at 0x7f5b5886f1d0>>, body: {"flavor": {"vcpus": 4, "disk": 80, "name": "m1.large", "os-flavor-access:is_public": true, "rxtx_factor": 1.0, "OS-FLV-EXT-DATA:ephemeral": 0, "ram": 8192, "id": "6", "swap": 0}} _process_stack /usr/lib/python2.7/dist-packages/nova/api/openstack/wsgi.py:604
2020-04-05 22:46:57.231 83 WARNING oslo_db.sqlalchemy.engines [req-5fa8251d-1961-49f7-8997-a2989214eebe aa5f9d550186456299ab6f6eb885b21e 73b52675c7184bf199b91c61112fa95a - 74fdda11e8624f2cb93ab859cd9b51c1 74fdda11e8624f2cb93ab859cd9b51c1] URL mysql://root:***@mysql-openstack/nova_api does not contain a '+drivername' portion, and will make use of a default driver.  A full dbname+drivername:// protocol is recommended. For MySQL, it is strongly recommended that mysql+pymysql:// be specified for maximum service compatibility
2020-04-05 22:46:57.260 83 DEBUG oslo_db.sqlalchemy.engines [req-5fa8251d-1961-49f7-8997-a2989214eebe aa5f9d550186456299ab6f6eb885b21e 73b52675c7184bf199b91c61112fa95a - 74fdda11e8624f2cb93ab859cd9b51c1 74fdda11e8624f2cb93ab859cd9b51c1] MySQL server mode set to STRICT_TRANS_TABLES,STRICT_ALL_TABLES,NO_ZERO_IN_DATE,NO_ZERO_DATE,ERROR_FOR_DIVISION_BY_ZERO,TRADITIONAL,NO_AUTO_CREATE_USER,NO_ENGINE_SUBSTITUTION _check_effective_sql_mode /usr/lib/python2.7/dist-packages/oslo_db/sqlalchemy/engines.py:290
2020-04-05 22:47:29.478 83 INFO nova.wsgi [-] Stopping WSGI server.
2020-04-05 22:47:29.481 86 INFO nova.wsgi [-] Stopping WSGI server.
2020-04-05 22:47:29.480 87 INFO nova.wsgi [-] Stopping WSGI server.
2020-04-05 22:47:29.478 80 INFO nova.wsgi [-] Stopping WSGI server.
2020-04-05 22:47:29.478 81 INFO nova.wsgi [-] Stopping WSGI server.
2020-04-05 22:47:29.484 83 DEBUG oslo_concurrency.lockutils [req-9017587d-da3b-4368-a160-edc33d36ad01 - - - - -] Acquired semaphore "singleton_lock" lock /usr/lib/python2.7/dist-packages/oslo_concurrency/lockutils.py:215
2020-04-05 22:47:29.480 84 INFO nova.wsgi [-] Stopping WSGI server.
2020-04-05 22:47:29.478 82 INFO nova.wsgi [-] Stopping WSGI server.
2020-04-05 22:47:29.484 86 INFO nova.metadata.wsgi.server [req-0ee323fe-7b87-4bdf-a76f-574da9656840 - - - - -] (86) wsgi exited, is_accepting=True
2020-04-05 22:47:29.480 85 INFO nova.wsgi [-] Stopping WSGI server.
2020-04-05 22:47:29.485 80 INFO nova.osapi_compute.wsgi.server [req-13d88df3-fa76-4db9-b7ce-97cb9c46c227 - - - - -] (80) wsgi exited, is_accepting=True
2020-04-05 22:47:29.486 87 DEBUG oslo_concurrency.lockutils [req-9017587d-da3b-4368-a160-edc33d36ad01 - - - - -] Acquired semaphore "singleton_lock" lock /usr/lib/python2.7/dist-packages/oslo_concurrency/lockutils.py:215
2020-04-05 22:47:29.488 83 DEBUG oslo_concurrency.lockutils [req-9017587d-da3b-4368-a160-edc33d36ad01 - - - - -] Releasing semaphore "singleton_lock" lock /usr/lib/python2.7/dist-packages/oslo_concurrency/lockutils.py:231
2020-04-05 22:47:29.489 84 INFO nova.metadata.wsgi.server [req-6f60ba8f-fa11-4d63-8b84-2385d4597aab - - - - -] (84) wsgi exited, is_accepting=True
2020-04-05 22:47:29.493 87 DEBUG oslo_concurrency.lockutils [req-9017587d-da3b-4368-a160-edc33d36ad01 - - - - -] Releasing semaphore "singleton_lock" lock /usr/lib/python2.7/dist-packages/oslo_concurrency/lockutils.py:231
2020-04-05 22:47:29.488 81 DEBUG oslo_concurrency.lockutils [req-9017587d-da3b-4368-a160-edc33d36ad01 - - - - -] Acquired semaphore "singleton_lock" lock /usr/lib/python2.7/dist-packages/oslo_concurrency/lockutils.py:215
2020-04-05 22:47:29.491 82 INFO nova.osapi_compute.wsgi.server [req-41481b7d-f601-432e-a9df-f3b1dd9ad980 - - - - -] (82) wsgi exited, is_accepting=True
2020-04-05 22:47:29.493 80 DEBUG oslo_concurrency.lockutils [req-9017587d-da3b-4368-a160-edc33d36ad01 - - - - -] Acquired semaphore "singleton_lock" lock /usr/lib/python2.7/dist-packages/oslo_concurrency/lockutils.py:215
2020-04-05 22:47:29.492 85 INFO nova.metadata.wsgi.server [req-f5f86498-6b86-443c-a6c4-ae6d9cda9fa8 - - - - -] (85) wsgi exited, is_accepting=True
2020-04-05 22:47:29.491 86 DEBUG oslo_concurrency.lockutils [req-9017587d-da3b-4368-a160-edc33d36ad01 - - - - -] Acquired semaphore "singleton_lock" lock /usr/lib/python2.7/dist-packages/oslo_concurrency/lockutils.py:215
2020-04-05 22:47:29.498 80 DEBUG oslo_concurrency.lockutils [req-9017587d-da3b-4368-a160-edc33d36ad01 - - - - -] Releasing semaphore "singleton_lock" lock /usr/lib/python2.7/dist-packages/oslo_concurrency/lockutils.py:231
2020-04-05 22:47:29.497 81 DEBUG oslo_concurrency.lockutils [req-9017587d-da3b-4368-a160-edc33d36ad01 - - - - -] Releasing semaphore "singleton_lock" lock /usr/lib/python2.7/dist-packages/oslo_concurrency/lockutils.py:231
2020-04-05 22:47:29.496 84 DEBUG oslo_concurrency.lockutils [req-9017587d-da3b-4368-a160-edc33d36ad01 - - - - -] Acquired semaphore "singleton_lock" lock /usr/lib/python2.7/dist-packages/oslo_concurrency/lockutils.py:215
2020-04-05 22:47:29.500 80 INFO nova.wsgi [req-9017587d-da3b-4368-a160-edc33d36ad01 - - - - -] WSGI server has stopped.
2020-04-05 22:47:29.500 86 DEBUG oslo_concurrency.lockutils [req-9017587d-da3b-4368-a160-edc33d36ad01 - - - - -] Releasing semaphore "singleton_lock" lock /usr/lib/python2.7/dist-packages/oslo_concurrency/lockutils.py:231
2020-04-05 22:47:29.511 84 DEBUG oslo_concurrency.lockutils [req-9017587d-da3b-4368-a160-edc33d36ad01 - - - - -] Releasing semaphore "singleton_lock" lock /usr/lib/python2.7/dist-packages/oslo_concurrency/lockutils.py:231
2020-04-05 22:47:29.501 82 DEBUG oslo_concurrency.lockutils [req-9017587d-da3b-4368-a160-edc33d36ad01 - - - - -] Acquired semaphore "singleton_lock" lock /usr/lib/python2.7/dist-packages/oslo_concurrency/lockutils.py:215
2020-04-05 22:47:29.502 85 DEBUG oslo_concurrency.lockutils [req-9017587d-da3b-4368-a160-edc33d36ad01 - - - - -] Acquired semaphore "singleton_lock" lock /usr/lib/python2.7/dist-packages/oslo_concurrency/lockutils.py:215
2020-04-05 22:47:29.482 33 INFO oslo_service.service [req-9017587d-da3b-4368-a160-edc33d36ad01 - - - - -] Caught SIGTERM, stopping children
2020-04-05 22:47:29.529 86 INFO nova.wsgi [req-9017587d-da3b-4368-a160-edc33d36ad01 - - - - -] WSGI server has stopped.
2020-04-05 22:47:29.601 84 INFO nova.wsgi [req-9017587d-da3b-4368-a160-edc33d36ad01 - - - - -] WSGI server has stopped.
2020-04-05 22:47:29.621 85 DEBUG oslo_concurrency.lockutils [req-9017587d-da3b-4368-a160-edc33d36ad01 - - - - -] Releasing semaphore "singleton_lock" lock /usr/lib/python2.7/dist-packages/oslo_concurrency/lockutils.py:231
2020-04-05 22:47:29.620 82 DEBUG oslo_concurrency.lockutils [req-9017587d-da3b-4368-a160-edc33d36ad01 - - - - -] Releasing semaphore "singleton_lock" lock /usr/lib/python2.7/dist-packages/oslo_concurrency/lockutils.py:231
2020-04-05 22:47:29.624 33 DEBUG oslo_concurrency.lockutils [req-9017587d-da3b-4368-a160-edc33d36ad01 - - - - -] Acquired semaphore "singleton_lock" lock /usr/lib/python2.7/dist-packages/oslo_concurrency/lockutils.py:215
2020-04-05 22:47:29.626 85 INFO nova.wsgi [req-9017587d-da3b-4368-a160-edc33d36ad01 - - - - -] WSGI server has stopped.
2020-04-05 22:47:29.628 82 INFO nova.wsgi [req-9017587d-da3b-4368-a160-edc33d36ad01 - - - - -] WSGI server has stopped.
2020-04-05 22:47:29.651 33 DEBUG oslo_concurrency.lockutils [req-9017587d-da3b-4368-a160-edc33d36ad01 - - - - -] Releasing semaphore "singleton_lock" lock /usr/lib/python2.7/dist-packages/oslo_concurrency/lockutils.py:231
2020-04-05 22:47:29.663 33 DEBUG oslo_service.service [req-9017587d-da3b-4368-a160-edc33d36ad01 - - - - -] Stop services. stop /usr/lib/python2.7/dist-packages/oslo_service/service.py:632
2020-04-05 22:47:29.714 33 INFO nova.wsgi [req-9017587d-da3b-4368-a160-edc33d36ad01 - - - - -] Stopping WSGI server.
2020-04-05 22:47:29.852 33 INFO nova.wsgi [req-9017587d-da3b-4368-a160-edc33d36ad01 - - - - -] Stopping WSGI server.
2020-04-05 22:47:30.326 33 DEBUG oslo_service.service [req-9017587d-da3b-4368-a160-edc33d36ad01 - - - - -] Killing children. stop /usr/lib/python2.7/dist-packages/oslo_service/service.py:637
2020-04-05 22:47:30.328 33 INFO oslo_service.service [req-9017587d-da3b-4368-a160-edc33d36ad01 - - - - -] Waiting on 8 children to exit
2020-04-05 22:47:30.329 33 INFO oslo_service.service [req-9017587d-da3b-4368-a160-edc33d36ad01 - - - - -] Child 80 exited with status 0
2020-04-05 22:47:30.335 33 INFO oslo_service.service [req-9017587d-da3b-4368-a160-edc33d36ad01 - - - - -] Child 81 exited with status 0
2020-04-05 22:47:30.345 33 INFO oslo_service.service [req-9017587d-da3b-4368-a160-edc33d36ad01 - - - - -] Child 82 exited with status 0
2020-04-05 22:47:30.353 33 INFO oslo_service.service [req-9017587d-da3b-4368-a160-edc33d36ad01 - - - - -] Child 84 exited with status 0
2020-04-05 22:47:30.356 33 INFO oslo_service.service [req-9017587d-da3b-4368-a160-edc33d36ad01 - - - - -] Child 85 exited with status 0
2020-04-05 22:47:30.357 33 INFO oslo_service.service [req-9017587d-da3b-4368-a160-edc33d36ad01 - - - - -] Child 86 exited with status 0
2020-04-05 22:47:30.359 33 INFO oslo_service.service [req-9017587d-da3b-4368-a160-edc33d36ad01 - - - - -] Child 87 exited with status 0
2020-04-05 22:47:30.366 33 INFO oslo_service.service [req-9017587d-da3b-4368-a160-edc33d36ad01 - - - - -] Child 83 killed by signal 15
2020-04-05 22:47:39.151 141 WARNING oslo_config.cfg [-] Option "scheduler_max_attempts" from group "DEFAULT" is deprecated. Use option "max_attempts" from group "scheduler".
2020-04-05 22:47:39.172 141 DEBUG oslo_concurrency.lockutils [-] Acquired semaphore "singleton_lock" lock /usr/lib/python2.7/dist-packages/oslo_concurrency/lockutils.py:215
2020-04-05 22:47:39.175 141 DEBUG oslo_concurrency.lockutils [-] Releasing semaphore "singleton_lock" lock /usr/lib/python2.7/dist-packages/oslo_concurrency/lockutils.py:231
2020-04-05 22:47:39.177 141 DEBUG nova.wsgi [-] Loading app osapi_compute from /etc/nova/api-paste.ini load_app /usr/lib/python2.7/dist-packages/nova/wsgi.py:496
2020-04-05 22:47:39.193 141 WARNING oslo_config.cfg [-] Option "auth_strategy" from group "DEFAULT" is deprecated. Use option "auth_strategy" from group "api".
2020-04-05 22:47:39.620 141 DEBUG oslo_policy.policy [req-27baccb7-cd93-4af6-a988-5bbfe287862b - - - - -] The policy file /etc/nova/policy.json could not be found. load_rules /usr/lib/python2.7/dist-packages/oslo_policy/policy.py:548
2020-04-05 22:47:39.687 141 WARNING oslo_config.cfg [req-27baccb7-cd93-4af6-a988-5bbfe287862b - - - - -] Option "use_neutron" from group "DEFAULT" is deprecated for removal (
nova-network is deprecated, as are any related configuration options.
).  Its value may be silently ignored in the future.
2020-04-05 22:47:40.196 141 DEBUG oslo_concurrency.lockutils [req-27baccb7-cd93-4af6-a988-5bbfe287862b - - - - -] Lock "placement_client" acquired by "nova.scheduler.client.report._create_client" :: waited 0.000s inner /usr/lib/python2.7/dist-packages/oslo_concurrency/lockutils.py:276
2020-04-05 22:47:40.212 141 WARNING oslo_config.cfg [req-27baccb7-cd93-4af6-a988-5bbfe287862b - - - - -] Option "os_region_name" from group "placement" is deprecated. Use option "region-name" from group "placement".
2020-04-05 22:47:40.217 141 DEBUG oslo_concurrency.lockutils [req-27baccb7-cd93-4af6-a988-5bbfe287862b - - - - -] Lock "placement_client" released by "nova.scheduler.client.report._create_client" :: held 0.021s inner /usr/lib/python2.7/dist-packages/oslo_concurrency/lockutils.py:288
2020-04-05 22:47:40.231 141 DEBUG oslo_concurrency.lockutils [req-27baccb7-cd93-4af6-a988-5bbfe287862b - - - - -] Lock "placement_client" acquired by "nova.scheduler.client.report._create_client" :: waited 0.000s inner /usr/lib/python2.7/dist-packages/oslo_concurrency/lockutils.py:276
2020-04-05 22:47:40.243 141 DEBUG oslo_concurrency.lockutils [req-27baccb7-cd93-4af6-a988-5bbfe287862b - - - - -] Lock "placement_client" released by "nova.scheduler.client.report._create_client" :: held 0.013s inner /usr/lib/python2.7/dist-packages/oslo_concurrency/lockutils.py:288
2020-04-05 22:47:40.273 141 DEBUG oslo_concurrency.lockutils [req-27baccb7-cd93-4af6-a988-5bbfe287862b - - - - -] Lock "placement_client" acquired by "nova.scheduler.client.report._create_client" :: waited 0.000s inner /usr/lib/python2.7/dist-packages/oslo_concurrency/lockutils.py:276
2020-04-05 22:47:40.288 141 DEBUG oslo_concurrency.lockutils [req-27baccb7-cd93-4af6-a988-5bbfe287862b - - - - -] Lock "placement_client" released by "nova.scheduler.client.report._create_client" :: held 0.015s inner /usr/lib/python2.7/dist-packages/oslo_concurrency/lockutils.py:288
2020-04-05 22:47:43.586 141 WARNING keystonemiddleware._common.config [req-27baccb7-cd93-4af6-a988-5bbfe287862b - - - - -] The option "__file__" in conf is not known to auth_token
2020-04-05 22:47:43.588 141 WARNING keystonemiddleware._common.config [req-27baccb7-cd93-4af6-a988-5bbfe287862b - - - - -] The option "here" in conf is not known to auth_token
2020-04-05 22:47:43.591 141 WARNING oslo_config.cfg [req-27baccb7-cd93-4af6-a988-5bbfe287862b - - - - -] Option "firewall_driver" from group "DEFAULT" is deprecated for removal (
nova-network is deprecated, as are any related configuration options.
).  Its value may be silently ignored in the future.
2020-04-05 22:47:43.593 141 WARNING oslo_config.cfg [req-27baccb7-cd93-4af6-a988-5bbfe287862b - - - - -] Option "rpc_backend" from group "DEFAULT" is deprecated for removal (Replaced by [DEFAULT]/transport_url).  Its value may be silently ignored in the future.
2020-04-05 22:47:43.599 141 WARNING keystonemiddleware.auth_token [req-27baccb7-cd93-4af6-a988-5bbfe287862b - - - - -] AuthToken middleware is set with keystone_authtoken.service_token_roles_required set to False. This is backwards compatible but deprecated behaviour. Please set this to True.
2020-04-05 22:47:43.605 141 WARNING oslo_config.cfg [req-27baccb7-cd93-4af6-a988-5bbfe287862b - - - - -] Option "auth_uri" from group "keystone_authtoken" is deprecated. Use option "www_authenticate_uri" from group "keystone_authtoken".
2020-04-05 22:47:43.783 141 DEBUG oslo_concurrency.lockutils [req-27baccb7-cd93-4af6-a988-5bbfe287862b - - - - -] Lock "placement_client" acquired by "nova.scheduler.client.report._create_client" :: waited 0.000s inner /usr/lib/python2.7/dist-packages/oslo_concurrency/lockutils.py:276
2020-04-05 22:47:43.787 141 DEBUG oslo_concurrency.lockutils [req-27baccb7-cd93-4af6-a988-5bbfe287862b - - - - -] Lock "placement_client" released by "nova.scheduler.client.report._create_client" :: held 0.004s inner /usr/lib/python2.7/dist-packages/oslo_concurrency/lockutils.py:288
2020-04-05 22:47:43.796 141 DEBUG oslo_concurrency.lockutils [req-27baccb7-cd93-4af6-a988-5bbfe287862b - - - - -] Lock "placement_client" acquired by "nova.scheduler.client.report._create_client" :: waited 0.000s inner /usr/lib/python2.7/dist-packages/oslo_concurrency/lockutils.py:276
2020-04-05 22:47:43.801 141 DEBUG oslo_concurrency.lockutils [req-27baccb7-cd93-4af6-a988-5bbfe287862b - - - - -] Lock "placement_client" released by "nova.scheduler.client.report._create_client" :: held 0.004s inner /usr/lib/python2.7/dist-packages/oslo_concurrency/lockutils.py:288
2020-04-05 22:47:43.811 141 DEBUG oslo_concurrency.lockutils [req-27baccb7-cd93-4af6-a988-5bbfe287862b - - - - -] Lock "placement_client" acquired by "nova.scheduler.client.report._create_client" :: waited 0.000s inner /usr/lib/python2.7/dist-packages/oslo_concurrency/lockutils.py:276
2020-04-05 22:47:43.815 141 DEBUG oslo_concurrency.lockutils [req-27baccb7-cd93-4af6-a988-5bbfe287862b - - - - -] Lock "placement_client" released by "nova.scheduler.client.report._create_client" :: held 0.004s inner /usr/lib/python2.7/dist-packages/oslo_concurrency/lockutils.py:288
2020-04-05 22:47:45.112 141 WARNING keystonemiddleware._common.config [req-27baccb7-cd93-4af6-a988-5bbfe287862b - - - - -] The option "__file__" in conf is not known to auth_token
2020-04-05 22:47:45.115 141 WARNING keystonemiddleware._common.config [req-27baccb7-cd93-4af6-a988-5bbfe287862b - - - - -] The option "here" in conf is not known to auth_token
2020-04-05 22:47:45.122 141 WARNING keystonemiddleware.auth_token [req-27baccb7-cd93-4af6-a988-5bbfe287862b - - - - -] AuthToken middleware is set with keystone_authtoken.service_token_roles_required set to False. This is backwards compatible but deprecated behaviour. Please set this to True.
2020-04-05 22:47:45.136 141 INFO nova.wsgi [req-27baccb7-cd93-4af6-a988-5bbfe287862b - - - - -] osapi_compute listening on 0.0.0.0:8774
2020-04-05 22:47:45.138 141 INFO oslo_service.service [req-27baccb7-cd93-4af6-a988-5bbfe287862b - - - - -] Starting 4 workers
2020-04-05 22:47:45.147 141 DEBUG oslo_service.service [req-27baccb7-cd93-4af6-a988-5bbfe287862b - - - - -] Started child 441 _start_child /usr/lib/python2.7/dist-packages/oslo_service/service.py:514
2020-04-05 22:47:45.155 141 DEBUG oslo_service.service [req-27baccb7-cd93-4af6-a988-5bbfe287862b - - - - -] Started child 442 _start_child /usr/lib/python2.7/dist-packages/oslo_service/service.py:514
2020-04-05 22:47:45.157 441 WARNING oslo_db.sqlalchemy.engines [req-a20df26f-6a4c-44cc-a404-c242df00d8d4 - - - - -] URL mysql://root:***@mysql-openstack/nova does not contain a '+drivername' portion, and will make use of a default driver.  A full dbname+drivername:// protocol is recommended. For MySQL, it is strongly recommended that mysql+pymysql:// be specified for maximum service compatibility
2020-04-05 22:47:45.163 141 DEBUG oslo_service.service [req-27baccb7-cd93-4af6-a988-5bbfe287862b - - - - -] Started child 443 _start_child /usr/lib/python2.7/dist-packages/oslo_service/service.py:514
2020-04-05 22:47:45.170 141 DEBUG oslo_service.service [req-27baccb7-cd93-4af6-a988-5bbfe287862b - - - - -] Started child 444 _start_child /usr/lib/python2.7/dist-packages/oslo_service/service.py:514
2020-04-05 22:47:45.169 442 WARNING oslo_db.sqlalchemy.engines [req-2ab86855-7d6a-42b4-affa-ef2ffeae433b - - - - -] URL mysql://root:***@mysql-openstack/nova does not contain a '+drivername' portion, and will make use of a default driver.  A full dbname+drivername:// protocol is recommended. For MySQL, it is strongly recommended that mysql+pymysql:// be specified for maximum service compatibility
2020-04-05 22:47:45.179 141 DEBUG nova.wsgi [req-27baccb7-cd93-4af6-a988-5bbfe287862b - - - - -] Loading app metadata from /etc/nova/api-paste.ini load_app /usr/lib/python2.7/dist-packages/nova/wsgi.py:496
2020-04-05 22:47:45.176 443 WARNING oslo_db.sqlalchemy.engines [req-c85993d1-949b-4e60-91f8-539922c8a82f - - - - -] URL mysql://root:***@mysql-openstack/nova does not contain a '+drivername' portion, and will make use of a default driver.  A full dbname+drivername:// protocol is recommended. For MySQL, it is strongly recommended that mysql+pymysql:// be specified for maximum service compatibility
2020-04-05 22:47:45.183 444 WARNING oslo_db.sqlalchemy.engines [req-32fd1743-6432-4626-b753-be3a10a1dd74 - - - - -] URL mysql://root:***@mysql-openstack/nova does not contain a '+drivername' portion, and will make use of a default driver.  A full dbname+drivername:// protocol is recommended. For MySQL, it is strongly recommended that mysql+pymysql:// be specified for maximum service compatibility
2020-04-05 22:47:45.209 441 DEBUG oslo_db.sqlalchemy.engines [req-a20df26f-6a4c-44cc-a404-c242df00d8d4 - - - - -] MySQL server mode set to STRICT_TRANS_TABLES,STRICT_ALL_TABLES,NO_ZERO_IN_DATE,NO_ZERO_DATE,ERROR_FOR_DIVISION_BY_ZERO,TRADITIONAL,NO_AUTO_CREATE_USER,NO_ENGINE_SUBSTITUTION _check_effective_sql_mode /usr/lib/python2.7/dist-packages/oslo_db/sqlalchemy/engines.py:290
2020-04-05 22:47:45.228 141 INFO nova.wsgi [req-27baccb7-cd93-4af6-a988-5bbfe287862b - - - - -] metadata listening on 0.0.0.0:8775
2020-04-05 22:47:45.231 141 INFO oslo_service.service [req-27baccb7-cd93-4af6-a988-5bbfe287862b - - - - -] Starting 4 workers
2020-04-05 22:47:45.238 442 DEBUG oslo_db.sqlalchemy.engines [req-2ab86855-7d6a-42b4-affa-ef2ffeae433b - - - - -] MySQL server mode set to STRICT_TRANS_TABLES,STRICT_ALL_TABLES,NO_ZERO_IN_DATE,NO_ZERO_DATE,ERROR_FOR_DIVISION_BY_ZERO,TRADITIONAL,NO_AUTO_CREATE_USER,NO_ENGINE_SUBSTITUTION _check_effective_sql_mode /usr/lib/python2.7/dist-packages/oslo_db/sqlalchemy/engines.py:290
2020-04-05 22:47:45.239 444 DEBUG oslo_db.sqlalchemy.engines [req-32fd1743-6432-4626-b753-be3a10a1dd74 - - - - -] MySQL server mode set to STRICT_TRANS_TABLES,STRICT_ALL_TABLES,NO_ZERO_IN_DATE,NO_ZERO_DATE,ERROR_FOR_DIVISION_BY_ZERO,TRADITIONAL,NO_AUTO_CREATE_USER,NO_ENGINE_SUBSTITUTION _check_effective_sql_mode /usr/lib/python2.7/dist-packages/oslo_db/sqlalchemy/engines.py:290
2020-04-05 22:47:45.240 141 DEBUG oslo_service.service [req-27baccb7-cd93-4af6-a988-5bbfe287862b - - - - -] Started child 445 _start_child /usr/lib/python2.7/dist-packages/oslo_service/service.py:514
2020-04-05 22:47:45.245 443 DEBUG oslo_db.sqlalchemy.engines [req-c85993d1-949b-4e60-91f8-539922c8a82f - - - - -] MySQL server mode set to STRICT_TRANS_TABLES,STRICT_ALL_TABLES,NO_ZERO_IN_DATE,NO_ZERO_DATE,ERROR_FOR_DIVISION_BY_ZERO,TRADITIONAL,NO_AUTO_CREATE_USER,NO_ENGINE_SUBSTITUTION _check_effective_sql_mode /usr/lib/python2.7/dist-packages/oslo_db/sqlalchemy/engines.py:290
2020-04-05 22:47:45.253 141 DEBUG oslo_service.service [req-27baccb7-cd93-4af6-a988-5bbfe287862b - - - - -] Started child 446 _start_child /usr/lib/python2.7/dist-packages/oslo_service/service.py:514
2020-04-05 22:47:45.270 141 DEBUG oslo_service.service [req-27baccb7-cd93-4af6-a988-5bbfe287862b - - - - -] Started child 447 _start_child /usr/lib/python2.7/dist-packages/oslo_service/service.py:514
2020-04-05 22:47:45.278 445 WARNING oslo_db.sqlalchemy.engines [req-f50b3ab2-5abf-42d7-bc1f-08a4114d94cd - - - - -] URL mysql://root:***@mysql-openstack/nova does not contain a '+drivername' portion, and will make use of a default driver.  A full dbname+drivername:// protocol is recommended. For MySQL, it is strongly recommended that mysql+pymysql:// be specified for maximum service compatibility
2020-04-05 22:47:45.285 446 WARNING oslo_db.sqlalchemy.engines [req-2f6fea07-d263-4abc-9da6-1c753736ae85 - - - - -] URL mysql://root:***@mysql-openstack/nova does not contain a '+drivername' portion, and will make use of a default driver.  A full dbname+drivername:// protocol is recommended. For MySQL, it is strongly recommended that mysql+pymysql:// be specified for maximum service compatibility
2020-04-05 22:47:45.297 141 DEBUG oslo_service.service [req-27baccb7-cd93-4af6-a988-5bbfe287862b - - - - -] Started child 448 _start_child /usr/lib/python2.7/dist-packages/oslo_service/service.py:514
2020-04-05 22:47:45.303 141 DEBUG oslo_service.service [req-27baccb7-cd93-4af6-a988-5bbfe287862b - - - - -] Full set of CONF: wait /usr/lib/python2.7/dist-packages/oslo_service/service.py:588
2020-04-05 22:47:45.305 141 DEBUG oslo_service.service [req-27baccb7-cd93-4af6-a988-5bbfe287862b - - - - -] ******************************************************************************** log_opt_values /usr/lib/python2.7/dist-packages/oslo_config/cfg.py:2876
2020-04-05 22:47:45.310 141 DEBUG oslo_service.service [req-27baccb7-cd93-4af6-a988-5bbfe287862b - - - - -] Configuration options gathered from: log_opt_values /usr/lib/python2.7/dist-packages/oslo_config/cfg.py:2877
2020-04-05 22:47:45.311 141 DEBUG oslo_service.service [req-27baccb7-cd93-4af6-a988-5bbfe287862b - - - - -] command line args: ['--config-file=/etc/nova/nova.conf', '--log-file=/log/nova-api.log'] log_opt_values /usr/lib/python2.7/dist-packages/oslo_config/cfg.py:2878
2020-04-05 22:47:45.313 141 DEBUG oslo_service.service [req-27baccb7-cd93-4af6-a988-5bbfe287862b - - - - -] config files: ['/etc/nova/nova.conf'] log_opt_values /usr/lib/python2.7/dist-packages/oslo_config/cfg.py:2880
2020-04-05 22:47:45.315 141 DEBUG oslo_service.service [req-27baccb7-cd93-4af6-a988-5bbfe287862b - - - - -] ================================================================================ log_opt_values /usr/lib/python2.7/dist-packages/oslo_config/cfg.py:2881
2020-04-05 22:47:45.318 141 DEBUG oslo_service.service [req-27baccb7-cd93-4af6-a988-5bbfe287862b - - - - -] allow_resize_to_same_host      = True log_opt_values /usr/lib/python2.7/dist-packages/oslo_config/cfg.py:2890
2020-04-05 22:47:45.307 447 WARNING oslo_db.sqlalchemy.engines [req-4eb4e35a-81b2-44dc-bb8f-4f72e9873f2c - - - - -] URL mysql://root:***@mysql-openstack/nova does not contain a '+drivername' portion, and will make use of a default driver.  A full dbname+drivername:// protocol is recommended. For MySQL, it is strongly recommended that mysql+pymysql:// be specified for maximum service compatibility
2020-04-05 22:47:45.320 141 DEBUG oslo_service.service [req-27baccb7-cd93-4af6-a988-5bbfe287862b - - - - -] allow_same_net_traffic         = True log_opt_values /usr/lib/python2.7/dist-packages/oslo_config/cfg.py:2890
2020-04-05 22:47:45.322 141 DEBUG oslo_service.service [req-27baccb7-cd93-4af6-a988-5bbfe287862b - - - - -] auto_assign_floating_ip        = False log_opt_values /usr/lib/python2.7/dist-packages/oslo_config/cfg.py:2890
2020-04-05 22:47:45.324 141 DEBUG oslo_service.service [req-27baccb7-cd93-4af6-a988-5bbfe287862b - - - - -] bandwidth_poll_interval        = 600 log_opt_values /usr/lib/python2.7/dist-packages/oslo_config/cfg.py:2890
2020-04-05 22:47:45.327 141 DEBUG oslo_service.service [req-27baccb7-cd93-4af6-a988-5bbfe287862b - - - - -] bindir                         = /usr/local/bin log_opt_values /usr/lib/python2.7/dist-packages/oslo_config/cfg.py:2890
2020-04-05 22:47:45.329 141 DEBUG oslo_service.service [req-27baccb7-cd93-4af6-a988-5bbfe287862b - - - - -] block_device_allocate_retries  = 60 log_opt_values /usr/lib/python2.7/dist-packages/oslo_config/cfg.py:2890
2020-04-05 22:47:45.331 141 DEBUG oslo_service.service [req-27baccb7-cd93-4af6-a988-5bbfe287862b - - - - -] block_device_allocate_retries_interval = 3 log_opt_values /usr/lib/python2.7/dist-packages/oslo_config/cfg.py:2890
2020-04-05 22:47:45.332 141 DEBUG oslo_service.service [req-27baccb7-cd93-4af6-a988-5bbfe287862b - - - - -] cert                           = self.pem log_opt_values /usr/lib/python2.7/dist-packages/oslo_config/cfg.py:2890
2020-04-05 22:47:45.334 141 DEBUG oslo_service.service [req-27baccb7-cd93-4af6-a988-5bbfe287862b - - - - -] cnt_vpn_clients                = 0 log_opt_values /usr/lib/python2.7/dist-packages/oslo_config/cfg.py:2890
2020-04-05 22:47:45.336 141 DEBUG oslo_service.service [req-27baccb7-cd93-4af6-a988-5bbfe287862b - - - - -] compute_driver                 = fake.FakeDriver log_opt_values /usr/lib/python2.7/dist-packages/oslo_config/cfg.py:2890
2020-04-05 22:47:45.337 141 DEBUG oslo_service.service [req-27baccb7-cd93-4af6-a988-5bbfe287862b - - - - -] compute_monitors               = [] log_opt_values /usr/lib/python2.7/dist-packages/oslo_config/cfg.py:2890
2020-04-05 22:47:45.338 141 DEBUG oslo_service.service [req-27baccb7-cd93-4af6-a988-5bbfe287862b - - - - -] config_dir                     = [] log_opt_values /usr/lib/python2.7/dist-packages/oslo_config/cfg.py:2890
2020-04-05 22:47:45.340 141 DEBUG oslo_service.service [req-27baccb7-cd93-4af6-a988-5bbfe287862b - - - - -] config_drive_format            = iso9660 log_opt_values /usr/lib/python2.7/dist-packages/oslo_config/cfg.py:2890
2020-04-05 22:47:45.342 141 DEBUG oslo_service.service [req-27baccb7-cd93-4af6-a988-5bbfe287862b - - - - -] config_file                    = ['/etc/nova/nova.conf'] log_opt_values /usr/lib/python2.7/dist-packages/oslo_config/cfg.py:2890
2020-04-05 22:47:45.343 141 DEBUG oslo_service.service [req-27baccb7-cd93-4af6-a988-5bbfe287862b - - - - -] console_host                   = nova-server log_opt_values /usr/lib/python2.7/dist-packages/oslo_config/cfg.py:2890
2020-04-05 22:47:45.345 141 DEBUG oslo_service.service [req-27baccb7-cd93-4af6-a988-5bbfe287862b - - - - -] control_exchange               = nova log_opt_values /usr/lib/python2.7/dist-packages/oslo_config/cfg.py:2890
2020-04-05 22:47:45.333 448 WARNING oslo_db.sqlalchemy.engines [req-ccff0bef-2555-4970-a7cc-585ab0fcecb3 - - - - -] URL mysql://root:***@mysql-openstack/nova does not contain a '+drivername' portion, and will make use of a default driver.  A full dbname+drivername:// protocol is recommended. For MySQL, it is strongly recommended that mysql+pymysql:// be specified for maximum service compatibility
2020-04-05 22:47:45.347 141 DEBUG oslo_service.service [req-27baccb7-cd93-4af6-a988-5bbfe287862b - - - - -] cpu_allocation_ratio           = 0.0 log_opt_values /usr/lib/python2.7/dist-packages/oslo_config/cfg.py:2890
2020-04-05 22:47:45.348 141 DEBUG oslo_service.service [req-27baccb7-cd93-4af6-a988-5bbfe287862b - - - - -] create_unique_mac_address_attempts = 5 log_opt_values /usr/lib/python2.7/dist-packages/oslo_config/cfg.py:2890
2020-04-05 22:47:45.348 445 DEBUG oslo_db.sqlalchemy.engines [req-f50b3ab2-5abf-42d7-bc1f-08a4114d94cd - - - - -] MySQL server mode set to STRICT_TRANS_TABLES,STRICT_ALL_TABLES,NO_ZERO_IN_DATE,NO_ZERO_DATE,ERROR_FOR_DIVISION_BY_ZERO,TRADITIONAL,NO_AUTO_CREATE_USER,NO_ENGINE_SUBSTITUTION _check_effective_sql_mode /usr/lib/python2.7/dist-packages/oslo_db/sqlalchemy/engines.py:290
2020-04-05 22:47:45.350 141 DEBUG oslo_service.service [req-27baccb7-cd93-4af6-a988-5bbfe287862b - - - - -] daemon                         = False log_opt_values /usr/lib/python2.7/dist-packages/oslo_config/cfg.py:2890
2020-04-05 22:47:45.353 141 DEBUG oslo_service.service [req-27baccb7-cd93-4af6-a988-5bbfe287862b - - - - -] db_driver                      = nova.db log_opt_values /usr/lib/python2.7/dist-packages/oslo_config/cfg.py:2890
2020-04-05 22:47:45.355 141 DEBUG oslo_service.service [req-27baccb7-cd93-4af6-a988-5bbfe287862b - - - - -] debug                          = True log_opt_values /usr/lib/python2.7/dist-packages/oslo_config/cfg.py:2890
2020-04-05 22:47:45.356 141 DEBUG oslo_service.service [req-27baccb7-cd93-4af6-a988-5bbfe287862b - - - - -] default_access_ip_network_name = None log_opt_values /usr/lib/python2.7/dist-packages/oslo_config/cfg.py:2890
2020-04-05 22:47:45.359 141 DEBUG oslo_service.service [req-27baccb7-cd93-4af6-a988-5bbfe287862b - - - - -] default_availability_zone      = nova log_opt_values /usr/lib/python2.7/dist-packages/oslo_config/cfg.py:2890
2020-04-05 22:47:45.361 141 DEBUG oslo_service.service [req-27baccb7-cd93-4af6-a988-5bbfe287862b - - - - -] default_ephemeral_format       = None log_opt_values /usr/lib/python2.7/dist-packages/oslo_config/cfg.py:2890
2020-04-05 22:47:45.363 141 DEBUG oslo_service.service [req-27baccb7-cd93-4af6-a988-5bbfe287862b - - - - -] default_flavor                 = m1.small log_opt_values /usr/lib/python2.7/dist-packages/oslo_config/cfg.py:2890
2020-04-05 22:47:45.366 141 DEBUG oslo_service.service [req-27baccb7-cd93-4af6-a988-5bbfe287862b - - - - -] default_floating_pool          = nova log_opt_values /usr/lib/python2.7/dist-packages/oslo_config/cfg.py:2890
2020-04-05 22:47:45.368 141 DEBUG oslo_service.service [req-27baccb7-cd93-4af6-a988-5bbfe287862b - - - - -] default_log_levels             = ['amqp=WARN', 'amqplib=WARN', 'boto=WARN', 'qpid=WARN', 'sqlalchemy=WARN', 'suds=INFO', 'oslo.messaging=INFO', 'oslo_messaging=INFO', 'iso8601=WARN', 'requests.packages.urllib3.connectionpool=WARN', 'urllib3.connectionpool=WARN', 'websocket=WARN', 'requests.packages.urllib3.util.retry=WARN', 'urllib3.util.retry=WARN', 'keystonemiddleware=WARN', 'routes.middleware=WARN', 'stevedore=WARN', 'taskflow=WARN', 'keystoneauth=WARN', 'oslo.cache=INFO', 'dogpile.core.dogpile=INFO', 'glanceclient=WARN', 'oslo.privsep.daemon=INFO'] log_opt_values /usr/lib/python2.7/dist-packages/oslo_config/cfg.py:2890
2020-04-05 22:47:45.369 141 DEBUG oslo_service.service [req-27baccb7-cd93-4af6-a988-5bbfe287862b - - - - -] default_schedule_zone          = None log_opt_values /usr/lib/python2.7/dist-packages/oslo_config/cfg.py:2890
2020-04-05 22:47:45.370 141 DEBUG oslo_service.service [req-27baccb7-cd93-4af6-a988-5bbfe287862b - - - - -] defer_iptables_apply           = False log_opt_values /usr/lib/python2.7/dist-packages/oslo_config/cfg.py:2890
